-- The C compiler identification is GNU 9.4.0
-- The CXX compiler identification is GNU 9.4.0
-- Check for working C compiler: /usr/bin/cc
-- Check for working C compiler: /usr/bin/cc -- works
-- Detecting C compiler ABI info
-- Detecting C compiler ABI info - done
-- Detecting C compile features
-- Detecting C compile features - done
-- Check for working CXX compiler: /usr/bin/c++
-- Check for working CXX compiler: /usr/bin/c++ -- works
-- Detecting CXX compiler ABI info
-- Detecting CXX compiler ABI info - done
-- Detecting CXX compile features
-- Detecting CXX compile features - done
-- Found ament_cmake: 0.9.12 (/opt/ros/foxy/share/ament_cmake/cmake)
-- Found PythonInterp: /usr/bin/python3 (found suitable version "3.8.10", minimum required is "3") 
-- Using PYTHON_EXECUTABLE: /usr/bin/python3
-- Override CMake install command with custom implementation using symlinks instead of copying resources
-- Found builtin_interfaces: 1.0.0 (/opt/ros/foxy/share/builtin_interfaces/cmake)
-- Using all available rosidl_typesupport_c: rosidl_typesupport_fastrtps_c;rosidl_typesupport_introspection_c
-- Found rosidl_adapter: 1.3.1 (/opt/ros/foxy/share/rosidl_adapter/cmake)
-- Found OpenSSL: /usr/lib/x86_64-linux-gnu/libcrypto.so (found version "1.1.1f")  
-- Found FastRTPS: /opt/ros/foxy/include  
-- Using all available rosidl_typesupport_cpp: rosidl_typesupport_fastrtps_cpp;rosidl_typesupport_introspection_cpp
-- Found rosidl_default_generators: 1.0.1 (/opt/ros/foxy/share/rosidl_default_generators/cmake)
-- Found std_msgs: 2.0.5 (/opt/ros/foxy/share/std_msgs/cmake)
-- Found action_msgs: 1.0.0 (/opt/ros/foxy/share/action_msgs/cmake)
-- Found PythonInterp: /usr/bin/python3 (found version "3.8.10") 
-- Found ament_cmake_ros: 0.9.2 (/opt/ros/foxy/share/ament_cmake_ros/cmake)
-- Using all available rosidl_typesupport_c: rosidl_typesupport_fastrtps_c;rosidl_typesupport_introspection_c
-- Using all available rosidl_typesupport_cpp: rosidl_typesupport_fastrtps_cpp;rosidl_typesupport_introspection_cpp
-- Found PythonInterp: /usr/bin/python3 (found suitable version "3.8.10", minimum required is "3.5") 
-- Found python_cmake_module: 0.8.1 (/opt/ros/foxy/share/python_cmake_module/cmake)
-- Found PythonLibs: /usr/lib/x86_64-linux-gnu/libpython3.8.so (found suitable version "3.8.10", minimum required is "3.5") 
-- Using PYTHON_EXECUTABLE: /usr/bin/python3
-- Using PYTHON_INCLUDE_DIRS: /usr/include/python3.8
-- Using PYTHON_LIBRARIES: /usr/lib/x86_64-linux-gnu/libpython3.8.so
-- Found PythonExtra: .so  
-- Configuring done
-- Generating done
-- Build files have been written to: /root/experimental_robotics/src/build/plansys2_msgs
[35m[1mScanning dependencies of target plansys2_msgs__cpp[0m
[  0%] [34m[1mGenerating C code for ROS interfaces[0m
[  0%] [34m[1mGenerating C++ code for ROS interfaces[0m
[  0%] Built target plansys2_msgs__cpp
[  0%] [34m[1mGenerating C++ type support dispatch for ROS interfaces[0m
[  1%] [34m[1mGenerating C++ introspection for ROS interfaces[0m
[  2%] [34m[1mGenerating C++ type support for eProsima Fast-RTPS[0m
[35m[1mScanning dependencies of target plansys2_msgs__rosidl_generator_c[0m
[  3%] [32mBuilding C object CMakeFiles/plansys2_msgs__rosidl_generator_c.dir/rosidl_generator_c/plansys2_msgs/msg/detail/action_execution__functions.c.o[0m
[  3%] [32mBuilding C object CMakeFiles/plansys2_msgs__rosidl_generator_c.dir/rosidl_generator_c/plansys2_msgs/msg/detail/action__functions.c.o[0m
[  3%] [32mBuilding C object CMakeFiles/plansys2_msgs__rosidl_generator_c.dir/rosidl_generator_c/plansys2_msgs/msg/detail/action_execution_info__functions.c.o[0m
[  4%] [32mBuilding C object CMakeFiles/plansys2_msgs__rosidl_generator_c.dir/rosidl_generator_c/plansys2_msgs/msg/detail/action_performer_status__functions.c.o[0m
[  4%] [32mBuilding C object CMakeFiles/plansys2_msgs__rosidl_generator_c.dir/rosidl_generator_c/plansys2_msgs/msg/detail/knowledge__functions.c.o[0m
[  4%] [32mBuilding C object CMakeFiles/plansys2_msgs__rosidl_generator_c.dir/rosidl_generator_c/plansys2_msgs/msg/detail/param__functions.c.o[0m
[  5%] [32mBuilding C object CMakeFiles/plansys2_msgs__rosidl_generator_c.dir/rosidl_generator_c/plansys2_msgs/msg/detail/node__functions.c.o[0m
[  5%] [32mBuilding C object CMakeFiles/plansys2_msgs__rosidl_generator_c.dir/rosidl_generator_c/plansys2_msgs/msg/detail/durative_action__functions.c.o[0m
[  6%] [32mBuilding C object CMakeFiles/plansys2_msgs__rosidl_generator_c.dir/rosidl_generator_c/plansys2_msgs/msg/detail/plan__functions.c.o[0m
[  6%] [32mBuilding C object CMakeFiles/plansys2_msgs__rosidl_generator_c.dir/rosidl_generator_c/plansys2_msgs/msg/detail/plan_item__functions.c.o[0m
[  7%] [32mBuilding C object CMakeFiles/plansys2_msgs__rosidl_generator_c.dir/rosidl_generator_c/plansys2_msgs/msg/detail/tree__functions.c.o[0m
[  7%] [32mBuilding C object CMakeFiles/plansys2_msgs__rosidl_generator_c.dir/rosidl_generator_c/plansys2_msgs/srv/detail/add_problem__functions.c.o[0m
[  7%] [32mBuilding C object CMakeFiles/plansys2_msgs__rosidl_generator_c.dir/rosidl_generator_c/plansys2_msgs/srv/detail/affect_node__functions.c.o[0m
[  7%] [32mBuilding C object CMakeFiles/plansys2_msgs__rosidl_generator_c.dir/rosidl_generator_c/plansys2_msgs/srv/detail/add_problem_goal__functions.c.o[0m
[  8%] [32mBuilding C object CMakeFiles/plansys2_msgs__rosidl_generator_c.dir/rosidl_generator_c/plansys2_msgs/srv/detail/affect_param__functions.c.o[0m
[  8%] [32mBuilding C object CMakeFiles/plansys2_msgs__rosidl_generator_c.dir/rosidl_generator_c/plansys2_msgs/srv/detail/exist_node__functions.c.o[0m
[  8%] [32mBuilding C object CMakeFiles/plansys2_msgs__rosidl_generator_c.dir/rosidl_generator_c/plansys2_msgs/srv/detail/get_domain__functions.c.o[0m
[  9%] [32mBuilding C object CMakeFiles/plansys2_msgs__rosidl_generator_c.dir/rosidl_generator_c/plansys2_msgs/srv/detail/get_domain_actions__functions.c.o[0m
[  9%] [32mBuilding C object CMakeFiles/plansys2_msgs__rosidl_generator_c.dir/rosidl_generator_c/plansys2_msgs/srv/detail/get_domain_action_details__functions.c.o[0m
[  9%] [32mBuilding C object CMakeFiles/plansys2_msgs__rosidl_generator_c.dir/rosidl_generator_c/plansys2_msgs/srv/detail/get_domain_durative_action_details__functions.c.o[0m
[ 10%] [32mBuilding C object CMakeFiles/plansys2_msgs__rosidl_generator_c.dir/rosidl_generator_c/plansys2_msgs/srv/detail/get_domain_types__functions.c.o[0m
[ 10%] [32mBuilding C object CMakeFiles/plansys2_msgs__rosidl_generator_c.dir/rosidl_generator_c/plansys2_msgs/srv/detail/get_plan__functions.c.o[0m
[ 10%] [32mBuilding C object CMakeFiles/plansys2_msgs__rosidl_generator_c.dir/rosidl_generator_c/plansys2_msgs/srv/detail/get_node_details__functions.c.o[0m
[ 11%] [32mBuilding C object CMakeFiles/plansys2_msgs__rosidl_generator_c.dir/rosidl_generator_c/plansys2_msgs/srv/detail/get_ordered_sub_goals__functions.c.o[0m
[ 11%] [32mBuilding C object CMakeFiles/plansys2_msgs__rosidl_generator_c.dir/rosidl_generator_c/plansys2_msgs/srv/detail/get_problem__functions.c.o[0m
[ 11%] [32mBuilding C object CMakeFiles/plansys2_msgs__rosidl_generator_c.dir/rosidl_generator_c/plansys2_msgs/srv/detail/get_problem_goal__functions.c.o[0m
[ 12%] [32mBuilding C object CMakeFiles/plansys2_msgs__rosidl_generator_c.dir/rosidl_generator_c/plansys2_msgs/srv/detail/get_problem_instances__functions.c.o[0m
[ 12%] [32mBuilding C object CMakeFiles/plansys2_msgs__rosidl_generator_c.dir/rosidl_generator_c/plansys2_msgs/srv/detail/get_states__functions.c.o[0m
[ 13%] [32mBuilding C object CMakeFiles/plansys2_msgs__rosidl_generator_c.dir/rosidl_generator_c/plansys2_msgs/srv/detail/is_problem_goal_satisfied__functions.c.o[0m
[ 13%] [32mBuilding C object CMakeFiles/plansys2_msgs__rosidl_generator_c.dir/rosidl_generator_c/plansys2_msgs/srv/detail/get_problem_instance_details__functions.c.o[0m
[ 13%] [32mBuilding C object CMakeFiles/plansys2_msgs__rosidl_generator_c.dir/rosidl_generator_c/plansys2_msgs/srv/detail/remove_problem_goal__functions.c.o[0m
[ 14%] [32mBuilding C object CMakeFiles/plansys2_msgs__rosidl_generator_c.dir/rosidl_generator_c/plansys2_msgs/srv/detail/clear_problem_knowledge__functions.c.o[0m
[ 14%] [32mBuilding C object CMakeFiles/plansys2_msgs__rosidl_generator_c.dir/rosidl_generator_c/plansys2_msgs/action/detail/execute_plan__functions.c.o[0m
[ 14%] [32m[1mLinking C shared library libplansys2_msgs__rosidl_generator_c.so[0m
[ 14%] Built target plansys2_msgs__rosidl_generator_c
[ 16%] [34m[1mGenerating C type support dispatch for ROS interfaces[0m
[ 16%] [34m[1mGenerating C introspection for ROS interfaces[0m
[35m[1mScanning dependencies of target plansys2_msgs__rosidl_typesupport_cpp[0m
[ 17%] [32mBuilding CXX object CMakeFiles/plansys2_msgs__rosidl_typesupport_cpp.dir/rosidl_typesupport_cpp/plansys2_msgs/msg/action__type_support.cpp.o[0m
[ 18%] [32mBuilding CXX object CMakeFiles/plansys2_msgs__rosidl_typesupport_cpp.dir/rosidl_typesupport_cpp/plansys2_msgs/msg/action_execution_info__type_support.cpp.o[0m
[ 18%] [32mBuilding CXX object CMakeFiles/plansys2_msgs__rosidl_typesupport_cpp.dir/rosidl_typesupport_cpp/plansys2_msgs/msg/action_performer_status__type_support.cpp.o[0m
[ 18%] [32mBuilding CXX object CMakeFiles/plansys2_msgs__rosidl_typesupport_cpp.dir/rosidl_typesupport_cpp/plansys2_msgs/msg/action_execution__type_support.cpp.o[0m
[ 18%] [32mBuilding CXX object CMakeFiles/plansys2_msgs__rosidl_typesupport_cpp.dir/rosidl_typesupport_cpp/plansys2_msgs/msg/durative_action__type_support.cpp.o[0m
[ 19%] [32mBuilding CXX object CMakeFiles/plansys2_msgs__rosidl_typesupport_cpp.dir/rosidl_typesupport_cpp/plansys2_msgs/msg/knowledge__type_support.cpp.o[0m
[ 19%] [32mBuilding CXX object CMakeFiles/plansys2_msgs__rosidl_typesupport_cpp.dir/rosidl_typesupport_cpp/plansys2_msgs/msg/node__type_support.cpp.o[0m
[ 19%] [32mBuilding CXX object CMakeFiles/plansys2_msgs__rosidl_typesupport_cpp.dir/rosidl_typesupport_cpp/plansys2_msgs/msg/param__type_support.cpp.o[0m
[ 20%] [32mBuilding CXX object CMakeFiles/plansys2_msgs__rosidl_typesupport_cpp.dir/rosidl_typesupport_cpp/plansys2_msgs/msg/plan__type_support.cpp.o[0m
[ 20%] [32mBuilding CXX object CMakeFiles/plansys2_msgs__rosidl_typesupport_cpp.dir/rosidl_typesupport_cpp/plansys2_msgs/msg/plan_item__type_support.cpp.o[0m
[ 20%] [32mBuilding CXX object CMakeFiles/plansys2_msgs__rosidl_typesupport_cpp.dir/rosidl_typesupport_cpp/plansys2_msgs/msg/tree__type_support.cpp.o[0m
[ 21%] [32mBuilding CXX object CMakeFiles/plansys2_msgs__rosidl_typesupport_cpp.dir/rosidl_typesupport_cpp/plansys2_msgs/srv/add_problem__type_support.cpp.o[0m
[ 21%] [32mBuilding CXX object CMakeFiles/plansys2_msgs__rosidl_typesupport_cpp.dir/rosidl_typesupport_cpp/plansys2_msgs/srv/add_problem_goal__type_support.cpp.o[0m
[ 21%] [32mBuilding CXX object CMakeFiles/plansys2_msgs__rosidl_typesupport_cpp.dir/rosidl_typesupport_cpp/plansys2_msgs/srv/affect_node__type_support.cpp.o[0m
[ 22%] [32mBuilding CXX object CMakeFiles/plansys2_msgs__rosidl_typesupport_cpp.dir/rosidl_typesupport_cpp/plansys2_msgs/srv/affect_param__type_support.cpp.o[0m
[ 22%] [32mBuilding CXX object CMakeFiles/plansys2_msgs__rosidl_typesupport_cpp.dir/rosidl_typesupport_cpp/plansys2_msgs/srv/exist_node__type_support.cpp.o[0m
[ 22%] [32mBuilding CXX object CMakeFiles/plansys2_msgs__rosidl_typesupport_cpp.dir/rosidl_typesupport_cpp/plansys2_msgs/srv/get_domain__type_support.cpp.o[0m
[ 23%] [32mBuilding CXX object CMakeFiles/plansys2_msgs__rosidl_typesupport_cpp.dir/rosidl_typesupport_cpp/plansys2_msgs/srv/get_domain_actions__type_support.cpp.o[0m
[ 23%] [32mBuilding CXX object CMakeFiles/plansys2_msgs__rosidl_typesupport_cpp.dir/rosidl_typesupport_cpp/plansys2_msgs/srv/get_domain_action_details__type_support.cpp.o[0m
[ 23%] [32mBuilding CXX object CMakeFiles/plansys2_msgs__rosidl_typesupport_cpp.dir/rosidl_typesupport_cpp/plansys2_msgs/srv/get_domain_durative_action_details__type_support.cpp.o[0m
[ 24%] [32mBuilding CXX object CMakeFiles/plansys2_msgs__rosidl_typesupport_cpp.dir/rosidl_typesupport_cpp/plansys2_msgs/srv/get_domain_types__type_support.cpp.o[0m
[ 24%] [32mBuilding CXX object CMakeFiles/plansys2_msgs__rosidl_typesupport_cpp.dir/rosidl_typesupport_cpp/plansys2_msgs/srv/get_node_details__type_support.cpp.o[0m
[ 24%] [32mBuilding CXX object CMakeFiles/plansys2_msgs__rosidl_typesupport_cpp.dir/rosidl_typesupport_cpp/plansys2_msgs/srv/get_plan__type_support.cpp.o[0m
[ 25%] [32mBuilding CXX object CMakeFiles/plansys2_msgs__rosidl_typesupport_cpp.dir/rosidl_typesupport_cpp/plansys2_msgs/srv/get_ordered_sub_goals__type_support.cpp.o[0m
[ 25%] [32mBuilding CXX object CMakeFiles/plansys2_msgs__rosidl_typesupport_cpp.dir/rosidl_typesupport_cpp/plansys2_msgs/srv/get_problem__type_support.cpp.o[0m
[ 26%] [32mBuilding CXX object CMakeFiles/plansys2_msgs__rosidl_typesupport_cpp.dir/rosidl_typesupport_cpp/plansys2_msgs/srv/get_problem_goal__type_support.cpp.o[0m
[ 26%] [32mBuilding CXX object CMakeFiles/plansys2_msgs__rosidl_typesupport_cpp.dir/rosidl_typesupport_cpp/plansys2_msgs/srv/get_problem_instances__type_support.cpp.o[0m
[ 26%] [32mBuilding CXX object CMakeFiles/plansys2_msgs__rosidl_typesupport_cpp.dir/rosidl_typesupport_cpp/plansys2_msgs/srv/get_problem_instance_details__type_support.cpp.o[0m
[ 27%] [32mBuilding CXX object CMakeFiles/plansys2_msgs__rosidl_typesupport_cpp.dir/rosidl_typesupport_cpp/plansys2_msgs/srv/get_states__type_support.cpp.o[0m
[ 27%] [32mBuilding CXX object CMakeFiles/plansys2_msgs__rosidl_typesupport_cpp.dir/rosidl_typesupport_cpp/plansys2_msgs/srv/is_problem_goal_satisfied__type_support.cpp.o[0m
[ 27%] [32mBuilding CXX object CMakeFiles/plansys2_msgs__rosidl_typesupport_cpp.dir/rosidl_typesupport_cpp/plansys2_msgs/srv/remove_problem_goal__type_support.cpp.o[0m
[ 28%] [32mBuilding CXX object CMakeFiles/plansys2_msgs__rosidl_typesupport_cpp.dir/rosidl_typesupport_cpp/plansys2_msgs/srv/clear_problem_knowledge__type_support.cpp.o[0m
[ 28%] [32mBuilding CXX object CMakeFiles/plansys2_msgs__rosidl_typesupport_cpp.dir/rosidl_typesupport_cpp/plansys2_msgs/action/execute_plan__type_support.cpp.o[0m
[35m[1mScanning dependencies of target plansys2_msgs__rosidl_typesupport_c[0m
[ 28%] [32mBuilding CXX object CMakeFiles/plansys2_msgs__rosidl_typesupport_c.dir/rosidl_typesupport_c/plansys2_msgs/msg/action__type_support.cpp.o[0m
[ 28%] [32mBuilding CXX object CMakeFiles/plansys2_msgs__rosidl_typesupport_c.dir/rosidl_typesupport_c/plansys2_msgs/msg/action_execution__type_support.cpp.o[0m
[ 29%] [32mBuilding CXX object CMakeFiles/plansys2_msgs__rosidl_typesupport_c.dir/rosidl_typesupport_c/plansys2_msgs/msg/action_execution_info__type_support.cpp.o[0m
[ 29%] [32mBuilding CXX object CMakeFiles/plansys2_msgs__rosidl_typesupport_c.dir/rosidl_typesupport_c/plansys2_msgs/msg/action_performer_status__type_support.cpp.o[0m
[ 30%] [32mBuilding CXX object CMakeFiles/plansys2_msgs__rosidl_typesupport_c.dir/rosidl_typesupport_c/plansys2_msgs/msg/knowledge__type_support.cpp.o[0m
[ 30%] [32mBuilding CXX object CMakeFiles/plansys2_msgs__rosidl_typesupport_c.dir/rosidl_typesupport_c/plansys2_msgs/msg/durative_action__type_support.cpp.o[0m
[ 30%] [32mBuilding CXX object CMakeFiles/plansys2_msgs__rosidl_typesupport_c.dir/rosidl_typesupport_c/plansys2_msgs/msg/node__type_support.cpp.o[0m
[ 30%] [32mBuilding CXX object CMakeFiles/plansys2_msgs__rosidl_typesupport_c.dir/rosidl_typesupport_c/plansys2_msgs/msg/param__type_support.cpp.o[0m
[35m[1mScanning dependencies of target plansys2_msgs__rosidl_typesupport_introspection_cpp[0m
[ 31%] [32mBuilding CXX object CMakeFiles/plansys2_msgs__rosidl_typesupport_c.dir/rosidl_typesupport_c/plansys2_msgs/msg/plan__type_support.cpp.o[0m
[ 31%] [32mBuilding CXX object CMakeFiles/plansys2_msgs__rosidl_typesupport_c.dir/rosidl_typesupport_c/plansys2_msgs/msg/plan_item__type_support.cpp.o[0m
[ 32%] [32mBuilding CXX object CMakeFiles/plansys2_msgs__rosidl_typesupport_c.dir/rosidl_typesupport_c/plansys2_msgs/srv/add_problem__type_support.cpp.o[0m
[ 32%] [32mBuilding CXX object CMakeFiles/plansys2_msgs__rosidl_typesupport_c.dir/rosidl_typesupport_c/plansys2_msgs/msg/tree__type_support.cpp.o[0m
[ 32%] [32mBuilding CXX object CMakeFiles/plansys2_msgs__rosidl_typesupport_c.dir/rosidl_typesupport_c/plansys2_msgs/srv/add_problem_goal__type_support.cpp.o[0m
[ 32%] [32mBuilding CXX object CMakeFiles/plansys2_msgs__rosidl_typesupport_c.dir/rosidl_typesupport_c/plansys2_msgs/srv/exist_node__type_support.cpp.o[0m
[ 32%] [32mBuilding CXX object CMakeFiles/plansys2_msgs__rosidl_typesupport_c.dir/rosidl_typesupport_c/plansys2_msgs/srv/affect_node__type_support.cpp.o[0m
[ 33%] [32mBuilding CXX object CMakeFiles/plansys2_msgs__rosidl_typesupport_c.dir/rosidl_typesupport_c/plansys2_msgs/srv/affect_param__type_support.cpp.o[0m
[35m[1mScanning dependencies of target plansys2_msgs__rosidl_typesupport_fastrtps_cpp[0m
[ 34%] [32mBuilding CXX object CMakeFiles/plansys2_msgs__rosidl_typesupport_c.dir/rosidl_typesupport_c/plansys2_msgs/srv/get_domain__type_support.cpp.o[0m
[ 34%] [32mBuilding CXX object CMakeFiles/plansys2_msgs__rosidl_typesupport_introspection_cpp.dir/rosidl_typesupport_introspection_cpp/plansys2_msgs/msg/detail/action__type_support.cpp.o[0m
[ 34%] [32mBuilding CXX object CMakeFiles/plansys2_msgs__rosidl_typesupport_introspection_cpp.dir/rosidl_typesupport_introspection_cpp/plansys2_msgs/msg/detail/action_execution__type_support.cpp.o[0m
[ 34%] [32mBuilding CXX object CMakeFiles/plansys2_msgs__rosidl_typesupport_c.dir/rosidl_typesupport_c/plansys2_msgs/srv/get_domain_actions__type_support.cpp.o[0m
[ 35%] [32mBuilding CXX object CMakeFiles/plansys2_msgs__rosidl_typesupport_introspection_cpp.dir/rosidl_typesupport_introspection_cpp/plansys2_msgs/msg/detail/action_execution_info__type_support.cpp.o[0m
[ 35%] [32mBuilding CXX object CMakeFiles/plansys2_msgs__rosidl_typesupport_introspection_cpp.dir/rosidl_typesupport_introspection_cpp/plansys2_msgs/msg/detail/action_performer_status__type_support.cpp.o[0m
[ 35%] [32mBuilding CXX object CMakeFiles/plansys2_msgs__rosidl_typesupport_c.dir/rosidl_typesupport_c/plansys2_msgs/srv/get_domain_action_details__type_support.cpp.o[0m
[ 35%] [32mBuilding CXX object CMakeFiles/plansys2_msgs__rosidl_typesupport_introspection_cpp.dir/rosidl_typesupport_introspection_cpp/plansys2_msgs/msg/detail/durative_action__type_support.cpp.o[0m
[ 36%] [32mBuilding CXX object CMakeFiles/plansys2_msgs__rosidl_typesupport_c.dir/rosidl_typesupport_c/plansys2_msgs/srv/get_domain_durative_action_details__type_support.cpp.o[0m
[ 36%] [32mBuilding CXX object CMakeFiles/plansys2_msgs__rosidl_typesupport_fastrtps_cpp.dir/rosidl_typesupport_fastrtps_cpp/plansys2_msgs/msg/detail/dds_fastrtps/action__type_support.cpp.o[0m
[ 37%] [32mBuilding CXX object CMakeFiles/plansys2_msgs__rosidl_typesupport_introspection_cpp.dir/rosidl_typesupport_introspection_cpp/plansys2_msgs/msg/detail/knowledge__type_support.cpp.o[0m
[ 37%] [32mBuilding CXX object CMakeFiles/plansys2_msgs__rosidl_typesupport_fastrtps_cpp.dir/rosidl_typesupport_fastrtps_cpp/plansys2_msgs/msg/detail/dds_fastrtps/action_execution__type_support.cpp.o[0m
[ 37%] [32m[1mLinking CXX shared library libplansys2_msgs__rosidl_typesupport_cpp.so[0m
[ 37%] [32mBuilding CXX object CMakeFiles/plansys2_msgs__rosidl_typesupport_c.dir/rosidl_typesupport_c/plansys2_msgs/srv/get_domain_types__type_support.cpp.o[0m
[ 37%] [32mBuilding CXX object CMakeFiles/plansys2_msgs__rosidl_typesupport_c.dir/rosidl_typesupport_c/plansys2_msgs/srv/get_node_details__type_support.cpp.o[0m
[ 38%] [32mBuilding CXX object CMakeFiles/plansys2_msgs__rosidl_typesupport_c.dir/rosidl_typesupport_c/plansys2_msgs/srv/get_plan__type_support.cpp.o[0m
[ 38%] [32mBuilding CXX object CMakeFiles/plansys2_msgs__rosidl_typesupport_c.dir/rosidl_typesupport_c/plansys2_msgs/srv/get_ordered_sub_goals__type_support.cpp.o[0m
[ 38%] Built target plansys2_msgs__rosidl_typesupport_cpp
[ 38%] [32mBuilding CXX object CMakeFiles/plansys2_msgs__rosidl_typesupport_c.dir/rosidl_typesupport_c/plansys2_msgs/srv/get_problem__type_support.cpp.o[0m
[ 39%] [32mBuilding CXX object CMakeFiles/plansys2_msgs__rosidl_typesupport_fastrtps_cpp.dir/rosidl_typesupport_fastrtps_cpp/plansys2_msgs/msg/detail/dds_fastrtps/action_execution_info__type_support.cpp.o[0m
[ 40%] [32mBuilding CXX object CMakeFiles/plansys2_msgs__rosidl_typesupport_c.dir/rosidl_typesupport_c/plansys2_msgs/srv/get_problem_goal__type_support.cpp.o[0m
[ 40%] [32mBuilding CXX object CMakeFiles/plansys2_msgs__rosidl_typesupport_fastrtps_cpp.dir/rosidl_typesupport_fastrtps_cpp/plansys2_msgs/msg/detail/dds_fastrtps/action_performer_status__type_support.cpp.o[0m
[ 40%] [32mBuilding CXX object CMakeFiles/plansys2_msgs__rosidl_typesupport_c.dir/rosidl_typesupport_c/plansys2_msgs/srv/get_problem_instances__type_support.cpp.o[0m
[ 40%] [32mBuilding CXX object CMakeFiles/plansys2_msgs__rosidl_typesupport_c.dir/rosidl_typesupport_c/plansys2_msgs/srv/get_problem_instance_details__type_support.cpp.o[0m
[ 40%] [32mBuilding CXX object CMakeFiles/plansys2_msgs__rosidl_typesupport_introspection_cpp.dir/rosidl_typesupport_introspection_cpp/plansys2_msgs/msg/detail/node__type_support.cpp.o[0m
[ 41%] [32mBuilding CXX object CMakeFiles/plansys2_msgs__rosidl_typesupport_c.dir/rosidl_typesupport_c/plansys2_msgs/srv/get_states__type_support.cpp.o[0m
[ 41%] [32mBuilding CXX object CMakeFiles/plansys2_msgs__rosidl_typesupport_introspection_cpp.dir/rosidl_typesupport_introspection_cpp/plansys2_msgs/msg/detail/param__type_support.cpp.o[0m
[ 42%] [32mBuilding CXX object CMakeFiles/plansys2_msgs__rosidl_typesupport_introspection_cpp.dir/rosidl_typesupport_introspection_cpp/plansys2_msgs/msg/detail/plan__type_support.cpp.o[0m
[ 42%] [32mBuilding CXX object CMakeFiles/plansys2_msgs__rosidl_typesupport_introspection_cpp.dir/rosidl_typesupport_introspection_cpp/plansys2_msgs/msg/detail/plan_item__type_support.cpp.o[0m
[ 42%] [32mBuilding CXX object CMakeFiles/plansys2_msgs__rosidl_typesupport_c.dir/rosidl_typesupport_c/plansys2_msgs/srv/is_problem_goal_satisfied__type_support.cpp.o[0m
[ 42%] [32mBuilding CXX object CMakeFiles/plansys2_msgs__rosidl_typesupport_introspection_cpp.dir/rosidl_typesupport_introspection_cpp/plansys2_msgs/msg/detail/tree__type_support.cpp.o[0m
[ 42%] [32mBuilding CXX object CMakeFiles/plansys2_msgs__rosidl_typesupport_c.dir/rosidl_typesupport_c/plansys2_msgs/srv/remove_problem_goal__type_support.cpp.o[0m
[ 43%] [32mBuilding CXX object CMakeFiles/plansys2_msgs__rosidl_typesupport_c.dir/rosidl_typesupport_c/plansys2_msgs/srv/clear_problem_knowledge__type_support.cpp.o[0m
[ 43%] [32mBuilding CXX object CMakeFiles/plansys2_msgs__rosidl_typesupport_c.dir/rosidl_typesupport_c/plansys2_msgs/action/execute_plan__type_support.cpp.o[0m
[ 43%] [32mBuilding CXX object CMakeFiles/plansys2_msgs__rosidl_typesupport_fastrtps_cpp.dir/rosidl_typesupport_fastrtps_cpp/plansys2_msgs/msg/detail/dds_fastrtps/durative_action__type_support.cpp.o[0m
[ 44%] [32mBuilding CXX object CMakeFiles/plansys2_msgs__rosidl_typesupport_introspection_cpp.dir/rosidl_typesupport_introspection_cpp/plansys2_msgs/srv/detail/add_problem__type_support.cpp.o[0m
[ 44%] [32m[1mLinking CXX shared library libplansys2_msgs__rosidl_typesupport_c.so[0m
[ 45%] [32mBuilding CXX object CMakeFiles/plansys2_msgs__rosidl_typesupport_fastrtps_cpp.dir/rosidl_typesupport_fastrtps_cpp/plansys2_msgs/msg/detail/dds_fastrtps/knowledge__type_support.cpp.o[0m
[ 45%] Built target plansys2_msgs__rosidl_typesupport_c
[ 45%] [32mBuilding CXX object CMakeFiles/plansys2_msgs__rosidl_typesupport_fastrtps_cpp.dir/rosidl_typesupport_fastrtps_cpp/plansys2_msgs/msg/detail/dds_fastrtps/node__type_support.cpp.o[0m
[ 45%] [32mBuilding CXX object CMakeFiles/plansys2_msgs__rosidl_typesupport_introspection_cpp.dir/rosidl_typesupport_introspection_cpp/plansys2_msgs/srv/detail/add_problem_goal__type_support.cpp.o[0m
[ 45%] [32mBuilding CXX object CMakeFiles/plansys2_msgs__rosidl_typesupport_fastrtps_cpp.dir/rosidl_typesupport_fastrtps_cpp/plansys2_msgs/msg/detail/dds_fastrtps/param__type_support.cpp.o[0m
[ 46%] [32mBuilding CXX object CMakeFiles/plansys2_msgs__rosidl_typesupport_introspection_cpp.dir/rosidl_typesupport_introspection_cpp/plansys2_msgs/srv/detail/affect_node__type_support.cpp.o[0m
[ 46%] [32mBuilding CXX object CMakeFiles/plansys2_msgs__rosidl_typesupport_introspection_cpp.dir/rosidl_typesupport_introspection_cpp/plansys2_msgs/srv/detail/affect_param__type_support.cpp.o[0m
[ 46%] [32mBuilding CXX object CMakeFiles/plansys2_msgs__rosidl_typesupport_introspection_cpp.dir/rosidl_typesupport_introspection_cpp/plansys2_msgs/srv/detail/exist_node__type_support.cpp.o[0m
[ 47%] [32mBuilding CXX object CMakeFiles/plansys2_msgs__rosidl_typesupport_introspection_cpp.dir/rosidl_typesupport_introspection_cpp/plansys2_msgs/srv/detail/get_domain__type_support.cpp.o[0m
[35m[1mScanning dependencies of target plansys2_msgs__rosidl_typesupport_introspection_c[0m
[ 47%] [32mBuilding C object CMakeFiles/plansys2_msgs__rosidl_typesupport_introspection_c.dir/rosidl_typesupport_introspection_c/plansys2_msgs/msg/detail/action__type_support.c.o[0m
[ 47%] [32mBuilding CXX object CMakeFiles/plansys2_msgs__rosidl_typesupport_introspection_cpp.dir/rosidl_typesupport_introspection_cpp/plansys2_msgs/srv/detail/get_domain_actions__type_support.cpp.o[0m
[ 47%] [32mBuilding C object CMakeFiles/plansys2_msgs__rosidl_typesupport_introspection_c.dir/rosidl_typesupport_introspection_c/plansys2_msgs/msg/detail/action_execution__type_support.c.o[0m
[ 47%] [32mBuilding CXX object CMakeFiles/plansys2_msgs__rosidl_typesupport_introspection_cpp.dir/rosidl_typesupport_introspection_cpp/plansys2_msgs/srv/detail/get_domain_action_details__type_support.cpp.o[0m
[ 48%] [32mBuilding C object CMakeFiles/plansys2_msgs__rosidl_typesupport_introspection_c.dir/rosidl_typesupport_introspection_c/plansys2_msgs/msg/detail/action_execution_info__type_support.c.o[0m
[ 48%] [32mBuilding C object CMakeFiles/plansys2_msgs__rosidl_typesupport_introspection_c.dir/rosidl_typesupport_introspection_c/plansys2_msgs/msg/detail/action_performer_status__type_support.c.o[0m
[ 49%] [32mBuilding CXX object CMakeFiles/plansys2_msgs__rosidl_typesupport_introspection_cpp.dir/rosidl_typesupport_introspection_cpp/plansys2_msgs/srv/detail/get_domain_durative_action_details__type_support.cpp.o[0m
[ 50%] [32mBuilding C object CMakeFiles/plansys2_msgs__rosidl_typesupport_introspection_c.dir/rosidl_typesupport_introspection_c/plansys2_msgs/msg/detail/durative_action__type_support.c.o[0m
[ 50%] [32mBuilding CXX object CMakeFiles/plansys2_msgs__rosidl_typesupport_introspection_cpp.dir/rosidl_typesupport_introspection_cpp/plansys2_msgs/srv/detail/get_domain_types__type_support.cpp.o[0m
[ 50%] [32mBuilding CXX object CMakeFiles/plansys2_msgs__rosidl_typesupport_introspection_cpp.dir/rosidl_typesupport_introspection_cpp/plansys2_msgs/srv/detail/get_node_details__type_support.cpp.o[0m
[ 51%] [32mBuilding CXX object CMakeFiles/plansys2_msgs__rosidl_typesupport_fastrtps_cpp.dir/rosidl_typesupport_fastrtps_cpp/plansys2_msgs/msg/detail/dds_fastrtps/plan__type_support.cpp.o[0m
[ 51%] [32mBuilding C object CMakeFiles/plansys2_msgs__rosidl_typesupport_introspection_c.dir/rosidl_typesupport_introspection_c/plansys2_msgs/msg/detail/knowledge__type_support.c.o[0m
[ 52%] [32mBuilding CXX object CMakeFiles/plansys2_msgs__rosidl_typesupport_introspection_cpp.dir/rosidl_typesupport_introspection_cpp/plansys2_msgs/srv/detail/get_plan__type_support.cpp.o[0m
[ 52%] [32mBuilding CXX object CMakeFiles/plansys2_msgs__rosidl_typesupport_fastrtps_cpp.dir/rosidl_typesupport_fastrtps_cpp/plansys2_msgs/msg/detail/dds_fastrtps/plan_item__type_support.cpp.o[0m
[ 52%] [32mBuilding C object CMakeFiles/plansys2_msgs__rosidl_typesupport_introspection_c.dir/rosidl_typesupport_introspection_c/plansys2_msgs/msg/detail/node__type_support.c.o[0m
[ 52%] [32mBuilding CXX object CMakeFiles/plansys2_msgs__rosidl_typesupport_introspection_cpp.dir/rosidl_typesupport_introspection_cpp/plansys2_msgs/srv/detail/get_ordered_sub_goals__type_support.cpp.o[0m
[ 53%] [32mBuilding C object CMakeFiles/plansys2_msgs__rosidl_typesupport_introspection_c.dir/rosidl_typesupport_introspection_c/plansys2_msgs/msg/detail/param__type_support.c.o[0m
[ 53%] [32mBuilding CXX object CMakeFiles/plansys2_msgs__rosidl_typesupport_fastrtps_cpp.dir/rosidl_typesupport_fastrtps_cpp/plansys2_msgs/msg/detail/dds_fastrtps/tree__type_support.cpp.o[0m
[ 54%] [32mBuilding CXX object CMakeFiles/plansys2_msgs__rosidl_typesupport_fastrtps_cpp.dir/rosidl_typesupport_fastrtps_cpp/plansys2_msgs/srv/detail/dds_fastrtps/add_problem__type_support.cpp.o[0m
[ 54%] [32mBuilding C object CMakeFiles/plansys2_msgs__rosidl_typesupport_introspection_c.dir/rosidl_typesupport_introspection_c/plansys2_msgs/msg/detail/plan__type_support.c.o[0m
[ 54%] [32mBuilding CXX object CMakeFiles/plansys2_msgs__rosidl_typesupport_introspection_cpp.dir/rosidl_typesupport_introspection_cpp/plansys2_msgs/srv/detail/get_problem__type_support.cpp.o[0m
[ 54%] [32mBuilding C object CMakeFiles/plansys2_msgs__rosidl_typesupport_introspection_c.dir/rosidl_typesupport_introspection_c/plansys2_msgs/msg/detail/plan_item__type_support.c.o[0m
[ 55%] [32mBuilding C object CMakeFiles/plansys2_msgs__rosidl_typesupport_introspection_c.dir/rosidl_typesupport_introspection_c/plansys2_msgs/msg/detail/tree__type_support.c.o[0m
[ 56%] [32mBuilding CXX object CMakeFiles/plansys2_msgs__rosidl_typesupport_introspection_cpp.dir/rosidl_typesupport_introspection_cpp/plansys2_msgs/srv/detail/get_problem_goal__type_support.cpp.o[0m
[ 56%] [32mBuilding C object CMakeFiles/plansys2_msgs__rosidl_typesupport_introspection_c.dir/rosidl_typesupport_introspection_c/plansys2_msgs/srv/detail/add_problem__type_support.c.o[0m
[ 56%] [32mBuilding C object CMakeFiles/plansys2_msgs__rosidl_typesupport_introspection_c.dir/rosidl_typesupport_introspection_c/plansys2_msgs/srv/detail/add_problem_goal__type_support.c.o[0m
[ 56%] [32mBuilding CXX object CMakeFiles/plansys2_msgs__rosidl_typesupport_introspection_cpp.dir/rosidl_typesupport_introspection_cpp/plansys2_msgs/srv/detail/get_problem_instances__type_support.cpp.o[0m
[ 57%] [32mBuilding C object CMakeFiles/plansys2_msgs__rosidl_typesupport_introspection_c.dir/rosidl_typesupport_introspection_c/plansys2_msgs/srv/detail/affect_node__type_support.c.o[0m
[ 57%] [32mBuilding CXX object CMakeFiles/plansys2_msgs__rosidl_typesupport_introspection_cpp.dir/rosidl_typesupport_introspection_cpp/plansys2_msgs/srv/detail/get_problem_instance_details__type_support.cpp.o[0m
[ 57%] [32mBuilding C object CMakeFiles/plansys2_msgs__rosidl_typesupport_introspection_c.dir/rosidl_typesupport_introspection_c/plansys2_msgs/srv/detail/affect_param__type_support.c.o[0m
[ 57%] [32mBuilding C object CMakeFiles/plansys2_msgs__rosidl_typesupport_introspection_c.dir/rosidl_typesupport_introspection_c/plansys2_msgs/srv/detail/exist_node__type_support.c.o[0m
[ 58%] [32mBuilding C object CMakeFiles/plansys2_msgs__rosidl_typesupport_introspection_c.dir/rosidl_typesupport_introspection_c/plansys2_msgs/srv/detail/get_domain__type_support.c.o[0m
[ 59%] [32mBuilding CXX object CMakeFiles/plansys2_msgs__rosidl_typesupport_introspection_cpp.dir/rosidl_typesupport_introspection_cpp/plansys2_msgs/srv/detail/get_states__type_support.cpp.o[0m
[ 59%] [32mBuilding C object CMakeFiles/plansys2_msgs__rosidl_typesupport_introspection_c.dir/rosidl_typesupport_introspection_c/plansys2_msgs/srv/detail/get_domain_actions__type_support.c.o[0m
[ 59%] [32mBuilding C object CMakeFiles/plansys2_msgs__rosidl_typesupport_introspection_c.dir/rosidl_typesupport_introspection_c/plansys2_msgs/srv/detail/get_domain_action_details__type_support.c.o[0m
[ 59%] [32mBuilding CXX object CMakeFiles/plansys2_msgs__rosidl_typesupport_introspection_cpp.dir/rosidl_typesupport_introspection_cpp/plansys2_msgs/srv/detail/is_problem_goal_satisfied__type_support.cpp.o[0m
[ 60%] [32mBuilding C object CMakeFiles/plansys2_msgs__rosidl_typesupport_introspection_c.dir/rosidl_typesupport_introspection_c/plansys2_msgs/srv/detail/get_domain_durative_action_details__type_support.c.o[0m
[ 60%] [32mBuilding C object CMakeFiles/plansys2_msgs__rosidl_typesupport_introspection_c.dir/rosidl_typesupport_introspection_c/plansys2_msgs/srv/detail/get_domain_types__type_support.c.o[0m
[ 60%] [32mBuilding CXX object CMakeFiles/plansys2_msgs__rosidl_typesupport_fastrtps_cpp.dir/rosidl_typesupport_fastrtps_cpp/plansys2_msgs/srv/detail/dds_fastrtps/add_problem_goal__type_support.cpp.o[0m
[ 60%] [32mBuilding CXX object CMakeFiles/plansys2_msgs__rosidl_typesupport_introspection_cpp.dir/rosidl_typesupport_introspection_cpp/plansys2_msgs/srv/detail/remove_problem_goal__type_support.cpp.o[0m
[ 60%] [32mBuilding CXX object CMakeFiles/plansys2_msgs__rosidl_typesupport_fastrtps_cpp.dir/rosidl_typesupport_fastrtps_cpp/plansys2_msgs/srv/detail/dds_fastrtps/affect_node__type_support.cpp.o[0m
[ 60%] [32mBuilding C object CMakeFiles/plansys2_msgs__rosidl_typesupport_introspection_c.dir/rosidl_typesupport_introspection_c/plansys2_msgs/srv/detail/get_node_details__type_support.c.o[0m
[ 61%] [32mBuilding C object CMakeFiles/plansys2_msgs__rosidl_typesupport_introspection_c.dir/rosidl_typesupport_introspection_c/plansys2_msgs/srv/detail/get_plan__type_support.c.o[0m
[ 61%] [32mBuilding C object CMakeFiles/plansys2_msgs__rosidl_typesupport_introspection_c.dir/rosidl_typesupport_introspection_c/plansys2_msgs/srv/detail/get_ordered_sub_goals__type_support.c.o[0m
[ 61%] [32mBuilding C object CMakeFiles/plansys2_msgs__rosidl_typesupport_introspection_c.dir/rosidl_typesupport_introspection_c/plansys2_msgs/srv/detail/get_problem__type_support.c.o[0m
[ 62%] [32mBuilding CXX object CMakeFiles/plansys2_msgs__rosidl_typesupport_introspection_cpp.dir/rosidl_typesupport_introspection_cpp/plansys2_msgs/srv/detail/clear_problem_knowledge__type_support.cpp.o[0m
[ 63%] [32mBuilding C object CMakeFiles/plansys2_msgs__rosidl_typesupport_introspection_c.dir/rosidl_typesupport_introspection_c/plansys2_msgs/srv/detail/get_problem_goal__type_support.c.o[0m
[ 63%] [32mBuilding C object CMakeFiles/plansys2_msgs__rosidl_typesupport_introspection_c.dir/rosidl_typesupport_introspection_c/plansys2_msgs/srv/detail/get_problem_instances__type_support.c.o[0m
[ 64%] [32mBuilding CXX object CMakeFiles/plansys2_msgs__rosidl_typesupport_fastrtps_cpp.dir/rosidl_typesupport_fastrtps_cpp/plansys2_msgs/srv/detail/dds_fastrtps/affect_param__type_support.cpp.o[0m
[ 65%] [32mBuilding C object CMakeFiles/plansys2_msgs__rosidl_typesupport_introspection_c.dir/rosidl_typesupport_introspection_c/plansys2_msgs/srv/detail/get_problem_instance_details__type_support.c.o[0m
[ 65%] [32mBuilding C object CMakeFiles/plansys2_msgs__rosidl_typesupport_introspection_c.dir/rosidl_typesupport_introspection_c/plansys2_msgs/srv/detail/get_states__type_support.c.o[0m
[ 65%] [32mBuilding CXX object CMakeFiles/plansys2_msgs__rosidl_typesupport_fastrtps_cpp.dir/rosidl_typesupport_fastrtps_cpp/plansys2_msgs/srv/detail/dds_fastrtps/exist_node__type_support.cpp.o[0m
[ 65%] [32mBuilding C object CMakeFiles/plansys2_msgs__rosidl_typesupport_introspection_c.dir/rosidl_typesupport_introspection_c/plansys2_msgs/srv/detail/is_problem_goal_satisfied__type_support.c.o[0m
[ 66%] [32mBuilding C object CMakeFiles/plansys2_msgs__rosidl_typesupport_introspection_c.dir/rosidl_typesupport_introspection_c/plansys2_msgs/srv/detail/remove_problem_goal__type_support.c.o[0m
[ 66%] [32mBuilding C object CMakeFiles/plansys2_msgs__rosidl_typesupport_introspection_c.dir/rosidl_typesupport_introspection_c/plansys2_msgs/srv/detail/clear_problem_knowledge__type_support.c.o[0m
[ 66%] [32mBuilding CXX object CMakeFiles/plansys2_msgs__rosidl_typesupport_introspection_cpp.dir/rosidl_typesupport_introspection_cpp/plansys2_msgs/action/detail/execute_plan__type_support.cpp.o[0m
[ 66%] [32mBuilding C object CMakeFiles/plansys2_msgs__rosidl_typesupport_introspection_c.dir/rosidl_typesupport_introspection_c/plansys2_msgs/action/detail/execute_plan__type_support.c.o[0m
[ 66%] [32mBuilding CXX object CMakeFiles/plansys2_msgs__rosidl_typesupport_fastrtps_cpp.dir/rosidl_typesupport_fastrtps_cpp/plansys2_msgs/srv/detail/dds_fastrtps/get_domain__type_support.cpp.o[0m
[ 67%] [32mBuilding CXX object CMakeFiles/plansys2_msgs__rosidl_typesupport_fastrtps_cpp.dir/rosidl_typesupport_fastrtps_cpp/plansys2_msgs/srv/detail/dds_fastrtps/get_domain_actions__type_support.cpp.o[0m
[ 67%] [32mBuilding CXX object CMakeFiles/plansys2_msgs__rosidl_typesupport_fastrtps_cpp.dir/rosidl_typesupport_fastrtps_cpp/plansys2_msgs/srv/detail/dds_fastrtps/get_domain_action_details__type_support.cpp.o[0m
[ 68%] [32m[1mLinking C shared library libplansys2_msgs__rosidl_typesupport_introspection_c.so[0m
[ 69%] [32mBuilding CXX object CMakeFiles/plansys2_msgs__rosidl_typesupport_fastrtps_cpp.dir/rosidl_typesupport_fastrtps_cpp/plansys2_msgs/srv/detail/dds_fastrtps/get_domain_durative_action_details__type_support.cpp.o[0m
[ 69%] [32mBuilding CXX object CMakeFiles/plansys2_msgs__rosidl_typesupport_fastrtps_cpp.dir/rosidl_typesupport_fastrtps_cpp/plansys2_msgs/srv/detail/dds_fastrtps/get_domain_types__type_support.cpp.o[0m
[ 69%] Built target plansys2_msgs__rosidl_typesupport_introspection_c
[ 69%] [32mBuilding CXX object CMakeFiles/plansys2_msgs__rosidl_typesupport_fastrtps_cpp.dir/rosidl_typesupport_fastrtps_cpp/plansys2_msgs/srv/detail/dds_fastrtps/get_node_details__type_support.cpp.o[0m
[ 70%] [32mBuilding CXX object CMakeFiles/plansys2_msgs__rosidl_typesupport_fastrtps_cpp.dir/rosidl_typesupport_fastrtps_cpp/plansys2_msgs/srv/detail/dds_fastrtps/get_plan__type_support.cpp.o[0m
[ 70%] [32mBuilding CXX object CMakeFiles/plansys2_msgs__rosidl_typesupport_fastrtps_cpp.dir/rosidl_typesupport_fastrtps_cpp/plansys2_msgs/srv/detail/dds_fastrtps/get_ordered_sub_goals__type_support.cpp.o[0m
[ 70%] [32mBuilding CXX object CMakeFiles/plansys2_msgs__rosidl_typesupport_fastrtps_cpp.dir/rosidl_typesupport_fastrtps_cpp/plansys2_msgs/srv/detail/dds_fastrtps/get_problem__type_support.cpp.o[0m
[ 71%] [32mBuilding CXX object CMakeFiles/plansys2_msgs__rosidl_typesupport_fastrtps_cpp.dir/rosidl_typesupport_fastrtps_cpp/plansys2_msgs/srv/detail/dds_fastrtps/get_problem_goal__type_support.cpp.o[0m
[ 71%] [32mBuilding CXX object CMakeFiles/plansys2_msgs__rosidl_typesupport_fastrtps_cpp.dir/rosidl_typesupport_fastrtps_cpp/plansys2_msgs/srv/detail/dds_fastrtps/get_problem_instances__type_support.cpp.o[0m
[ 71%] [32mBuilding CXX object CMakeFiles/plansys2_msgs__rosidl_typesupport_fastrtps_cpp.dir/rosidl_typesupport_fastrtps_cpp/plansys2_msgs/srv/detail/dds_fastrtps/get_problem_instance_details__type_support.cpp.o[0m
[ 72%] [32m[1mLinking CXX shared library libplansys2_msgs__rosidl_typesupport_introspection_cpp.so[0m
[ 73%] [32mBuilding CXX object CMakeFiles/plansys2_msgs__rosidl_typesupport_fastrtps_cpp.dir/rosidl_typesupport_fastrtps_cpp/plansys2_msgs/srv/detail/dds_fastrtps/get_states__type_support.cpp.o[0m
[ 73%] [32mBuilding CXX object CMakeFiles/plansys2_msgs__rosidl_typesupport_fastrtps_cpp.dir/rosidl_typesupport_fastrtps_cpp/plansys2_msgs/srv/detail/dds_fastrtps/is_problem_goal_satisfied__type_support.cpp.o[0m
[ 73%] [32mBuilding CXX object CMakeFiles/plansys2_msgs__rosidl_typesupport_fastrtps_cpp.dir/rosidl_typesupport_fastrtps_cpp/plansys2_msgs/srv/detail/dds_fastrtps/remove_problem_goal__type_support.cpp.o[0m
[ 74%] [32mBuilding CXX object CMakeFiles/plansys2_msgs__rosidl_typesupport_fastrtps_cpp.dir/rosidl_typesupport_fastrtps_cpp/plansys2_msgs/srv/detail/dds_fastrtps/clear_problem_knowledge__type_support.cpp.o[0m
[ 74%] [32mBuilding CXX object CMakeFiles/plansys2_msgs__rosidl_typesupport_fastrtps_cpp.dir/rosidl_typesupport_fastrtps_cpp/plansys2_msgs/action/detail/dds_fastrtps/execute_plan__type_support.cpp.o[0m
[ 74%] Built target plansys2_msgs__rosidl_typesupport_introspection_cpp
[ 74%] [32m[1mLinking CXX shared library libplansys2_msgs__rosidl_typesupport_fastrtps_cpp.so[0m
[ 74%] Built target plansys2_msgs__rosidl_typesupport_fastrtps_cpp
[ 75%] [34m[1mGenerating C type support for eProsima Fast-RTPS[0m
[35m[1mScanning dependencies of target plansys2_msgs__rosidl_typesupport_fastrtps_c[0m
[ 75%] [32mBuilding CXX object CMakeFiles/plansys2_msgs__rosidl_typesupport_fastrtps_c.dir/rosidl_typesupport_fastrtps_c/plansys2_msgs/msg/detail/param__type_support_c.cpp.o[0m
[ 75%] [32mBuilding CXX object CMakeFiles/plansys2_msgs__rosidl_typesupport_fastrtps_c.dir/rosidl_typesupport_fastrtps_c/plansys2_msgs/msg/detail/action_performer_status__type_support_c.cpp.o[0m
[ 75%] [32mBuilding CXX object CMakeFiles/plansys2_msgs__rosidl_typesupport_fastrtps_c.dir/rosidl_typesupport_fastrtps_c/plansys2_msgs/msg/detail/durative_action__type_support_c.cpp.o[0m
[ 75%] [32mBuilding CXX object CMakeFiles/plansys2_msgs__rosidl_typesupport_fastrtps_c.dir/rosidl_typesupport_fastrtps_c/plansys2_msgs/msg/detail/action__type_support_c.cpp.o[0m
[ 75%] [32mBuilding CXX object CMakeFiles/plansys2_msgs__rosidl_typesupport_fastrtps_c.dir/rosidl_typesupport_fastrtps_c/plansys2_msgs/msg/detail/action_execution__type_support_c.cpp.o[0m
[ 76%] [32mBuilding CXX object CMakeFiles/plansys2_msgs__rosidl_typesupport_fastrtps_c.dir/rosidl_typesupport_fastrtps_c/plansys2_msgs/msg/detail/action_execution_info__type_support_c.cpp.o[0m
[ 77%] [32mBuilding CXX object CMakeFiles/plansys2_msgs__rosidl_typesupport_fastrtps_c.dir/rosidl_typesupport_fastrtps_c/plansys2_msgs/msg/detail/plan__type_support_c.cpp.o[0m
[ 78%] [32mBuilding CXX object CMakeFiles/plansys2_msgs__rosidl_typesupport_fastrtps_c.dir/rosidl_typesupport_fastrtps_c/plansys2_msgs/srv/detail/add_problem__type_support_c.cpp.o[0m
[ 78%] [32mBuilding CXX object CMakeFiles/plansys2_msgs__rosidl_typesupport_fastrtps_c.dir/rosidl_typesupport_fastrtps_c/plansys2_msgs/msg/detail/knowledge__type_support_c.cpp.o[0m
[ 78%] [32mBuilding CXX object CMakeFiles/plansys2_msgs__rosidl_typesupport_fastrtps_c.dir/rosidl_typesupport_fastrtps_c/plansys2_msgs/msg/detail/plan_item__type_support_c.cpp.o[0m
[ 79%] [32mBuilding CXX object CMakeFiles/plansys2_msgs__rosidl_typesupport_fastrtps_c.dir/rosidl_typesupport_fastrtps_c/plansys2_msgs/msg/detail/tree__type_support_c.cpp.o[0m
[ 79%] [32mBuilding CXX object CMakeFiles/plansys2_msgs__rosidl_typesupport_fastrtps_c.dir/rosidl_typesupport_fastrtps_c/plansys2_msgs/msg/detail/node__type_support_c.cpp.o[0m
[ 79%] [32mBuilding CXX object CMakeFiles/plansys2_msgs__rosidl_typesupport_fastrtps_c.dir/rosidl_typesupport_fastrtps_c/plansys2_msgs/srv/detail/add_problem_goal__type_support_c.cpp.o[0m
[ 80%] [32mBuilding CXX object CMakeFiles/plansys2_msgs__rosidl_typesupport_fastrtps_c.dir/rosidl_typesupport_fastrtps_c/plansys2_msgs/srv/detail/affect_node__type_support_c.cpp.o[0m
[ 80%] [32mBuilding CXX object CMakeFiles/plansys2_msgs__rosidl_typesupport_fastrtps_c.dir/rosidl_typesupport_fastrtps_c/plansys2_msgs/srv/detail/affect_param__type_support_c.cpp.o[0m
[ 81%] [32mBuilding CXX object CMakeFiles/plansys2_msgs__rosidl_typesupport_fastrtps_c.dir/rosidl_typesupport_fastrtps_c/plansys2_msgs/srv/detail/get_domain__type_support_c.cpp.o[0m
[ 81%] [32mBuilding CXX object CMakeFiles/plansys2_msgs__rosidl_typesupport_fastrtps_c.dir/rosidl_typesupport_fastrtps_c/plansys2_msgs/srv/detail/exist_node__type_support_c.cpp.o[0m
[ 81%] [32mBuilding CXX object CMakeFiles/plansys2_msgs__rosidl_typesupport_fastrtps_c.dir/rosidl_typesupport_fastrtps_c/plansys2_msgs/srv/detail/get_domain_actions__type_support_c.cpp.o[0m
[ 81%] [32mBuilding CXX object CMakeFiles/plansys2_msgs__rosidl_typesupport_fastrtps_c.dir/rosidl_typesupport_fastrtps_c/plansys2_msgs/srv/detail/get_domain_action_details__type_support_c.cpp.o[0m
[ 82%] [32mBuilding CXX object CMakeFiles/plansys2_msgs__rosidl_typesupport_fastrtps_c.dir/rosidl_typesupport_fastrtps_c/plansys2_msgs/srv/detail/get_domain_durative_action_details__type_support_c.cpp.o[0m
[ 82%] [32mBuilding CXX object CMakeFiles/plansys2_msgs__rosidl_typesupport_fastrtps_c.dir/rosidl_typesupport_fastrtps_c/plansys2_msgs/srv/detail/get_domain_types__type_support_c.cpp.o[0m
[ 82%] [32mBuilding CXX object CMakeFiles/plansys2_msgs__rosidl_typesupport_fastrtps_c.dir/rosidl_typesupport_fastrtps_c/plansys2_msgs/srv/detail/get_node_details__type_support_c.cpp.o[0m
[ 83%] [32mBuilding CXX object CMakeFiles/plansys2_msgs__rosidl_typesupport_fastrtps_c.dir/rosidl_typesupport_fastrtps_c/plansys2_msgs/srv/detail/get_plan__type_support_c.cpp.o[0m
[ 83%] [32mBuilding CXX object CMakeFiles/plansys2_msgs__rosidl_typesupport_fastrtps_c.dir/rosidl_typesupport_fastrtps_c/plansys2_msgs/srv/detail/get_ordered_sub_goals__type_support_c.cpp.o[0m
[ 83%] [32mBuilding CXX object CMakeFiles/plansys2_msgs__rosidl_typesupport_fastrtps_c.dir/rosidl_typesupport_fastrtps_c/plansys2_msgs/srv/detail/get_problem__type_support_c.cpp.o[0m
[ 84%] [32mBuilding CXX object CMakeFiles/plansys2_msgs__rosidl_typesupport_fastrtps_c.dir/rosidl_typesupport_fastrtps_c/plansys2_msgs/srv/detail/get_problem_goal__type_support_c.cpp.o[0m
[ 84%] [32mBuilding CXX object CMakeFiles/plansys2_msgs__rosidl_typesupport_fastrtps_c.dir/rosidl_typesupport_fastrtps_c/plansys2_msgs/srv/detail/get_problem_instances__type_support_c.cpp.o[0m
[ 84%] [32mBuilding CXX object CMakeFiles/plansys2_msgs__rosidl_typesupport_fastrtps_c.dir/rosidl_typesupport_fastrtps_c/plansys2_msgs/srv/detail/get_problem_instance_details__type_support_c.cpp.o[0m
[ 85%] [32mBuilding CXX object CMakeFiles/plansys2_msgs__rosidl_typesupport_fastrtps_c.dir/rosidl_typesupport_fastrtps_c/plansys2_msgs/srv/detail/get_states__type_support_c.cpp.o[0m
[ 85%] [32mBuilding CXX object CMakeFiles/plansys2_msgs__rosidl_typesupport_fastrtps_c.dir/rosidl_typesupport_fastrtps_c/plansys2_msgs/srv/detail/is_problem_goal_satisfied__type_support_c.cpp.o[0m
[ 85%] [32mBuilding CXX object CMakeFiles/plansys2_msgs__rosidl_typesupport_fastrtps_c.dir/rosidl_typesupport_fastrtps_c/plansys2_msgs/srv/detail/remove_problem_goal__type_support_c.cpp.o[0m
[ 86%] [32mBuilding CXX object CMakeFiles/plansys2_msgs__rosidl_typesupport_fastrtps_c.dir/rosidl_typesupport_fastrtps_c/plansys2_msgs/srv/detail/clear_problem_knowledge__type_support_c.cpp.o[0m
[ 86%] [32mBuilding CXX object CMakeFiles/plansys2_msgs__rosidl_typesupport_fastrtps_c.dir/rosidl_typesupport_fastrtps_c/plansys2_msgs/action/detail/execute_plan__type_support_c.cpp.o[0m
[ 87%] [32m[1mLinking CXX shared library libplansys2_msgs__rosidl_typesupport_fastrtps_c.so[0m
[ 87%] Built target plansys2_msgs__rosidl_typesupport_fastrtps_c
[35m[1mScanning dependencies of target plansys2_msgs[0m
[ 87%] Built target plansys2_msgs
[35m[1mScanning dependencies of target plansys2_msgs__py[0m
[ 87%] [34m[1mGenerating Python code for ROS interfaces[0m
Traceback (most recent call last):
  File "/opt/ros/foxy/share/rosidl_generator_py/cmake/../../../lib/rosidl_generator_py/rosidl_generator_py", line 40, in <module>
    sys.exit(main())
  File "/opt/ros/foxy/share/rosidl_generator_py/cmake/../../../lib/rosidl_generator_py/rosidl_generator_py", line 36, in main
    return generate_py(args.generator_arguments_file, args.typesupport_impls.split(';'))
  File "/opt/ros/foxy/lib/python3.8/site-packages/rosidl_generator_py/generate_py_impl.py", line 61, in generate_py
    generate_files(generator_arguments_file, mapping)
  File "/opt/ros/foxy/lib/python3.8/site-packages/rosidl_cmake/__init__.py", line 74, in generate_files
    idl_file = parse_idl_file(locator)
  File "/opt/ros/foxy/lib/python3.8/site-packages/rosidl_parser/parser.py", line 64, in parse_idl_file
    content = parse_idl_string(string, png_file=png_file)
  File "/opt/ros/foxy/lib/python3.8/site-packages/rosidl_parser/parser.py", line 72, in parse_idl_string
    tree = get_ast_from_idl_string(idl_string)
  File "/opt/ros/foxy/lib/python3.8/site-packages/rosidl_parser/parser.py", line 89, in get_ast_from_idl_string
    return _parser.parse(idl_string)
  File "/usr/lib/python3/dist-packages/lark/lark.py", line 293, in parse
    return self.parser.parse(text, start=start)
  File "/usr/lib/python3/dist-packages/lark/parser_frontends.py", line 193, in parse
    return self._parse(text, start)
  File "/usr/lib/python3/dist-packages/lark/parser_frontends.py", line 54, in _parse
    return self.parser.parse(input, start, *args)
  File "/usr/lib/python3/dist-packages/lark/parsers/earley.py", line 318, in parse
    return forest_tree_visitor.visit(solutions[0])
  File "/usr/lib/python3/dist-packages/lark/parsers/earley_forest.py", line 281, in visit
    return super(ForestToTreeVisitor, self).visit(root)
  File "/usr/lib/python3/dist-packages/lark/parsers/earley_forest.py", line 218, in visit
    else:                               next_node = vsni(current)
  File "/usr/lib/python3/dist-packages/lark/parsers/earley_forest.py", line 287, in visit_symbol_node_in
    if self.forest_sum_visitor and node.is_ambiguous and isinf(node.priority):
  File "/usr/lib/python3/dist-packages/lark/parsers/earley_forest.py", line 69, in is_ambiguous
    return len(self.children) > 1
  File "/usr/lib/python3/dist-packages/lark/parsers/earley_forest.py", line 74, in children
    return sorted(self._children, key=attrgetter('sort_key'))
  File "/usr/lib/python3/dist-packages/lark/parsers/earley_forest.py", line 125, in sort_key
    return self.is_empty, -self.priority, self.rule.order
KeyboardInterrupt
make[2]: *** [plansys2_msgs__py/CMakeFiles/plansys2_msgs__py.dir/build.make:214: rosidl_generator_py/plansys2_msgs/_plansys2_msgs_s.ep.rosidl_typesupport_fastrtps_c.c] Interrupt
make[1]: *** [CMakeFiles/Makefile2:553: plansys2_msgs__py/CMakeFiles/plansys2_msgs__py.dir/all] Interrupt
make: *** [Makefile:141: all] Interrupt
