[0.050s] Invoking command in '/root/experimental_robotics/src/build/plansys2_msgs': CMAKE_PREFIX_PATH=${CMAKE_PREFIX_PATH}:/root/experimental_robotics/install/ros2_aruco:/root/experimental_robotics/install/assignment_1:/root/experimental_robotics/install/Assignment_1:/opt/ros/foxy /usr/bin/cmake /root/experimental_robotics/src/ros2_planning_system/plansys2_msgs -DAMENT_CMAKE_SYMLINK_INSTALL=1 -DCMAKE_INSTALL_PREFIX=/root/experimental_robotics/src/install/plansys2_msgs
[0.458s] -- The C compiler identification is GNU 9.4.0
[0.458s] -- The CXX compiler identification is GNU 9.4.0
[0.458s] -- Check for working C compiler: /usr/bin/cc
[0.471s] -- Check for working C compiler: /usr/bin/cc -- works
[0.473s] -- Detecting C compiler ABI info
[0.549s] -- Detecting C compiler ABI info - done
[0.565s] -- Detecting C compile features
[0.565s] -- Detecting C compile features - done
[0.568s] -- Check for working CXX compiler: /usr/bin/c++
[0.644s] -- Check for working CXX compiler: /usr/bin/c++ -- works
[0.645s] -- Detecting CXX compiler ABI info
[0.723s] -- Detecting CXX compiler ABI info - done
[0.737s] -- Detecting CXX compile features
[0.738s] -- Detecting CXX compile features - done
[0.764s] -- Found ament_cmake: 0.9.12 (/opt/ros/foxy/share/ament_cmake/cmake)
[0.808s] -- Found PythonInterp: /usr/bin/python3 (found suitable version "3.8.10", minimum required is "3") 
[0.808s] -- Using PYTHON_EXECUTABLE: /usr/bin/python3
[0.990s] -- Override CMake install command with custom implementation using symlinks instead of copying resources
[1.073s] -- Found builtin_interfaces: 1.0.0 (/opt/ros/foxy/share/builtin_interfaces/cmake)
[1.184s] -- Using all available rosidl_typesupport_c: rosidl_typesupport_fastrtps_c;rosidl_typesupport_introspection_c
[1.206s] -- Found rosidl_adapter: 1.3.1 (/opt/ros/foxy/share/rosidl_adapter/cmake)
[1.335s] -- Found OpenSSL: /usr/lib/x86_64-linux-gnu/libcrypto.so (found version "1.1.1f")  
[1.378s] -- Found FastRTPS: /opt/ros/foxy/include  
[1.509s] -- Using all available rosidl_typesupport_cpp: rosidl_typesupport_fastrtps_cpp;rosidl_typesupport_introspection_cpp
[1.554s] -- Found rosidl_default_generators: 1.0.1 (/opt/ros/foxy/share/rosidl_default_generators/cmake)
[1.577s] -- Found std_msgs: 2.0.5 (/opt/ros/foxy/share/std_msgs/cmake)
[1.594s] -- Found action_msgs: 1.0.0 (/opt/ros/foxy/share/action_msgs/cmake)
[1.679s] -- Found PythonInterp: /usr/bin/python3 (found version "3.8.10") 
[2.037s] -- Found ament_cmake_ros: 0.9.2 (/opt/ros/foxy/share/ament_cmake_ros/cmake)
[2.242s] -- Using all available rosidl_typesupport_c: rosidl_typesupport_fastrtps_c;rosidl_typesupport_introspection_c
[2.301s] -- Using all available rosidl_typesupport_cpp: rosidl_typesupport_fastrtps_cpp;rosidl_typesupport_introspection_cpp
[2.332s] -- Found PythonInterp: /usr/bin/python3 (found suitable version "3.8.10", minimum required is "3.5") 
[2.336s] -- Found python_cmake_module: 0.8.1 (/opt/ros/foxy/share/python_cmake_module/cmake)
[2.368s] -- Found PythonLibs: /usr/lib/x86_64-linux-gnu/libpython3.8.so (found suitable version "3.8.10", minimum required is "3.5") 
[2.368s] -- Using PYTHON_EXECUTABLE: /usr/bin/python3
[2.368s] -- Using PYTHON_INCLUDE_DIRS: /usr/include/python3.8
[2.368s] -- Using PYTHON_LIBRARIES: /usr/lib/x86_64-linux-gnu/libpython3.8.so
[2.401s] -- Found PythonExtra: .so  
[2.509s] -- Configuring done
[2.644s] -- Generating done
[2.647s] -- Build files have been written to: /root/experimental_robotics/src/build/plansys2_msgs
[2.659s] Invoked command in '/root/experimental_robotics/src/build/plansys2_msgs' returned '0': CMAKE_PREFIX_PATH=${CMAKE_PREFIX_PATH}:/root/experimental_robotics/install/ros2_aruco:/root/experimental_robotics/install/assignment_1:/root/experimental_robotics/install/Assignment_1:/opt/ros/foxy /usr/bin/cmake /root/experimental_robotics/src/ros2_planning_system/plansys2_msgs -DAMENT_CMAKE_SYMLINK_INSTALL=1 -DCMAKE_INSTALL_PREFIX=/root/experimental_robotics/src/install/plansys2_msgs
[2.663s] Invoking command in '/root/experimental_robotics/src/build/plansys2_msgs': CMAKE_PREFIX_PATH=${CMAKE_PREFIX_PATH}:/root/experimental_robotics/install/ros2_aruco:/root/experimental_robotics/install/assignment_1:/root/experimental_robotics/install/Assignment_1:/opt/ros/foxy /usr/bin/cmake --build /root/experimental_robotics/src/build/plansys2_msgs -- -j12 -l12
[2.721s] [35m[1mScanning dependencies of target plansys2_msgs__cpp[0m
[2.726s] [  0%] [34m[1mGenerating C code for ROS interfaces[0m
[2.738s] [  0%] [34m[1mGenerating C++ code for ROS interfaces[0m
[5.580s] [  0%] Built target plansys2_msgs__cpp
[5.592s] [  0%] [34m[1mGenerating C++ type support dispatch for ROS interfaces[0m
[5.595s] [  1%] [34m[1mGenerating C++ introspection for ROS interfaces[0m
[5.597s] [  2%] [34m[1mGenerating C++ type support for eProsima Fast-RTPS[0m
[5.992s] [35m[1mScanning dependencies of target plansys2_msgs__rosidl_generator_c[0m
[6.032s] [  3%] [32mBuilding C object CMakeFiles/plansys2_msgs__rosidl_generator_c.dir/rosidl_generator_c/plansys2_msgs/msg/detail/action_execution__functions.c.o[0m
[6.032s] [  3%] [32mBuilding C object CMakeFiles/plansys2_msgs__rosidl_generator_c.dir/rosidl_generator_c/plansys2_msgs/msg/detail/action__functions.c.o[0m
[6.034s] [  3%] [32mBuilding C object CMakeFiles/plansys2_msgs__rosidl_generator_c.dir/rosidl_generator_c/plansys2_msgs/msg/detail/action_execution_info__functions.c.o[0m
[6.035s] [  4%] [32mBuilding C object CMakeFiles/plansys2_msgs__rosidl_generator_c.dir/rosidl_generator_c/plansys2_msgs/msg/detail/action_performer_status__functions.c.o[0m
[6.039s] [  4%] [32mBuilding C object CMakeFiles/plansys2_msgs__rosidl_generator_c.dir/rosidl_generator_c/plansys2_msgs/msg/detail/knowledge__functions.c.o[0m
[6.047s] [  4%] [32mBuilding C object CMakeFiles/plansys2_msgs__rosidl_generator_c.dir/rosidl_generator_c/plansys2_msgs/msg/detail/param__functions.c.o[0m
[6.047s] [  5%] [32mBuilding C object CMakeFiles/plansys2_msgs__rosidl_generator_c.dir/rosidl_generator_c/plansys2_msgs/msg/detail/node__functions.c.o[0m
[6.048s] [  5%] [32mBuilding C object CMakeFiles/plansys2_msgs__rosidl_generator_c.dir/rosidl_generator_c/plansys2_msgs/msg/detail/durative_action__functions.c.o[0m
[6.091s] [  6%] [32mBuilding C object CMakeFiles/plansys2_msgs__rosidl_generator_c.dir/rosidl_generator_c/plansys2_msgs/msg/detail/plan__functions.c.o[0m
[6.103s] [  6%] [32mBuilding C object CMakeFiles/plansys2_msgs__rosidl_generator_c.dir/rosidl_generator_c/plansys2_msgs/msg/detail/plan_item__functions.c.o[0m
[6.116s] [  7%] [32mBuilding C object CMakeFiles/plansys2_msgs__rosidl_generator_c.dir/rosidl_generator_c/plansys2_msgs/msg/detail/tree__functions.c.o[0m
[6.116s] [  7%] [32mBuilding C object CMakeFiles/plansys2_msgs__rosidl_generator_c.dir/rosidl_generator_c/plansys2_msgs/srv/detail/add_problem__functions.c.o[0m
[6.128s] [  7%] [32mBuilding C object CMakeFiles/plansys2_msgs__rosidl_generator_c.dir/rosidl_generator_c/plansys2_msgs/srv/detail/affect_node__functions.c.o[0m
[6.130s] [  7%] [32mBuilding C object CMakeFiles/plansys2_msgs__rosidl_generator_c.dir/rosidl_generator_c/plansys2_msgs/srv/detail/add_problem_goal__functions.c.o[0m
[6.138s] [  8%] [32mBuilding C object CMakeFiles/plansys2_msgs__rosidl_generator_c.dir/rosidl_generator_c/plansys2_msgs/srv/detail/affect_param__functions.c.o[0m
[6.149s] [  8%] [32mBuilding C object CMakeFiles/plansys2_msgs__rosidl_generator_c.dir/rosidl_generator_c/plansys2_msgs/srv/detail/exist_node__functions.c.o[0m
[6.160s] [  8%] [32mBuilding C object CMakeFiles/plansys2_msgs__rosidl_generator_c.dir/rosidl_generator_c/plansys2_msgs/srv/detail/get_domain__functions.c.o[0m
[6.174s] [  9%] [32mBuilding C object CMakeFiles/plansys2_msgs__rosidl_generator_c.dir/rosidl_generator_c/plansys2_msgs/srv/detail/get_domain_actions__functions.c.o[0m
[6.177s] [  9%] [32mBuilding C object CMakeFiles/plansys2_msgs__rosidl_generator_c.dir/rosidl_generator_c/plansys2_msgs/srv/detail/get_domain_action_details__functions.c.o[0m
[6.198s] [  9%] [32mBuilding C object CMakeFiles/plansys2_msgs__rosidl_generator_c.dir/rosidl_generator_c/plansys2_msgs/srv/detail/get_domain_durative_action_details__functions.c.o[0m
[6.208s] [ 10%] [32mBuilding C object CMakeFiles/plansys2_msgs__rosidl_generator_c.dir/rosidl_generator_c/plansys2_msgs/srv/detail/get_domain_types__functions.c.o[0m
[6.217s] [ 10%] [32mBuilding C object CMakeFiles/plansys2_msgs__rosidl_generator_c.dir/rosidl_generator_c/plansys2_msgs/srv/detail/get_plan__functions.c.o[0m
[6.229s] [ 10%] [32mBuilding C object CMakeFiles/plansys2_msgs__rosidl_generator_c.dir/rosidl_generator_c/plansys2_msgs/srv/detail/get_node_details__functions.c.o[0m
[6.259s] [ 11%] [32mBuilding C object CMakeFiles/plansys2_msgs__rosidl_generator_c.dir/rosidl_generator_c/plansys2_msgs/srv/detail/get_ordered_sub_goals__functions.c.o[0m
[6.261s] [ 11%] [32mBuilding C object CMakeFiles/plansys2_msgs__rosidl_generator_c.dir/rosidl_generator_c/plansys2_msgs/srv/detail/get_problem__functions.c.o[0m
[6.276s] [ 11%] [32mBuilding C object CMakeFiles/plansys2_msgs__rosidl_generator_c.dir/rosidl_generator_c/plansys2_msgs/srv/detail/get_problem_goal__functions.c.o[0m
[6.281s] [ 12%] [32mBuilding C object CMakeFiles/plansys2_msgs__rosidl_generator_c.dir/rosidl_generator_c/plansys2_msgs/srv/detail/get_problem_instances__functions.c.o[0m
[6.289s] [ 12%] [32mBuilding C object CMakeFiles/plansys2_msgs__rosidl_generator_c.dir/rosidl_generator_c/plansys2_msgs/srv/detail/get_states__functions.c.o[0m
[6.298s] [ 13%] [32mBuilding C object CMakeFiles/plansys2_msgs__rosidl_generator_c.dir/rosidl_generator_c/plansys2_msgs/srv/detail/is_problem_goal_satisfied__functions.c.o[0m
[6.312s] [ 13%] [32mBuilding C object CMakeFiles/plansys2_msgs__rosidl_generator_c.dir/rosidl_generator_c/plansys2_msgs/srv/detail/get_problem_instance_details__functions.c.o[0m
[6.337s] [ 13%] [32mBuilding C object CMakeFiles/plansys2_msgs__rosidl_generator_c.dir/rosidl_generator_c/plansys2_msgs/srv/detail/remove_problem_goal__functions.c.o[0m
[6.349s] [ 14%] [32mBuilding C object CMakeFiles/plansys2_msgs__rosidl_generator_c.dir/rosidl_generator_c/plansys2_msgs/srv/detail/clear_problem_knowledge__functions.c.o[0m
[6.354s] [ 14%] [32mBuilding C object CMakeFiles/plansys2_msgs__rosidl_generator_c.dir/rosidl_generator_c/plansys2_msgs/action/detail/execute_plan__functions.c.o[0m
[6.492s] [ 14%] [32m[1mLinking C shared library libplansys2_msgs__rosidl_generator_c.so[0m
[6.553s] [ 14%] Built target plansys2_msgs__rosidl_generator_c
[6.566s] [ 16%] [34m[1mGenerating C type support dispatch for ROS interfaces[0m
[6.566s] [ 16%] [34m[1mGenerating C introspection for ROS interfaces[0m
[7.295s] [35m[1mScanning dependencies of target plansys2_msgs__rosidl_typesupport_cpp[0m
[7.336s] [ 17%] [32mBuilding CXX object CMakeFiles/plansys2_msgs__rosidl_typesupport_cpp.dir/rosidl_typesupport_cpp/plansys2_msgs/msg/action__type_support.cpp.o[0m
[7.338s] [ 18%] [32mBuilding CXX object CMakeFiles/plansys2_msgs__rosidl_typesupport_cpp.dir/rosidl_typesupport_cpp/plansys2_msgs/msg/action_execution_info__type_support.cpp.o[0m
[7.338s] [ 18%] [32mBuilding CXX object CMakeFiles/plansys2_msgs__rosidl_typesupport_cpp.dir/rosidl_typesupport_cpp/plansys2_msgs/msg/action_performer_status__type_support.cpp.o[0m
[7.338s] [ 18%] [32mBuilding CXX object CMakeFiles/plansys2_msgs__rosidl_typesupport_cpp.dir/rosidl_typesupport_cpp/plansys2_msgs/msg/action_execution__type_support.cpp.o[0m
[7.341s] [ 18%] [32mBuilding CXX object CMakeFiles/plansys2_msgs__rosidl_typesupport_cpp.dir/rosidl_typesupport_cpp/plansys2_msgs/msg/durative_action__type_support.cpp.o[0m
[7.347s] [ 19%] [32mBuilding CXX object CMakeFiles/plansys2_msgs__rosidl_typesupport_cpp.dir/rosidl_typesupport_cpp/plansys2_msgs/msg/knowledge__type_support.cpp.o[0m
[7.350s] [ 19%] [32mBuilding CXX object CMakeFiles/plansys2_msgs__rosidl_typesupport_cpp.dir/rosidl_typesupport_cpp/plansys2_msgs/msg/node__type_support.cpp.o[0m
[7.399s] [ 19%] [32mBuilding CXX object CMakeFiles/plansys2_msgs__rosidl_typesupport_cpp.dir/rosidl_typesupport_cpp/plansys2_msgs/msg/param__type_support.cpp.o[0m
[7.618s] [ 20%] [32mBuilding CXX object CMakeFiles/plansys2_msgs__rosidl_typesupport_cpp.dir/rosidl_typesupport_cpp/plansys2_msgs/msg/plan__type_support.cpp.o[0m
[7.632s] [ 20%] [32mBuilding CXX object CMakeFiles/plansys2_msgs__rosidl_typesupport_cpp.dir/rosidl_typesupport_cpp/plansys2_msgs/msg/plan_item__type_support.cpp.o[0m
[7.638s] [ 20%] [32mBuilding CXX object CMakeFiles/plansys2_msgs__rosidl_typesupport_cpp.dir/rosidl_typesupport_cpp/plansys2_msgs/msg/tree__type_support.cpp.o[0m
[7.723s] [ 21%] [32mBuilding CXX object CMakeFiles/plansys2_msgs__rosidl_typesupport_cpp.dir/rosidl_typesupport_cpp/plansys2_msgs/srv/add_problem__type_support.cpp.o[0m
[7.740s] [ 21%] [32mBuilding CXX object CMakeFiles/plansys2_msgs__rosidl_typesupport_cpp.dir/rosidl_typesupport_cpp/plansys2_msgs/srv/add_problem_goal__type_support.cpp.o[0m
[7.740s] [ 21%] [32mBuilding CXX object CMakeFiles/plansys2_msgs__rosidl_typesupport_cpp.dir/rosidl_typesupport_cpp/plansys2_msgs/srv/affect_node__type_support.cpp.o[0m
[7.768s] [ 22%] [32mBuilding CXX object CMakeFiles/plansys2_msgs__rosidl_typesupport_cpp.dir/rosidl_typesupport_cpp/plansys2_msgs/srv/affect_param__type_support.cpp.o[0m
[7.857s] [ 22%] [32mBuilding CXX object CMakeFiles/plansys2_msgs__rosidl_typesupport_cpp.dir/rosidl_typesupport_cpp/plansys2_msgs/srv/exist_node__type_support.cpp.o[0m
[7.928s] [ 22%] [32mBuilding CXX object CMakeFiles/plansys2_msgs__rosidl_typesupport_cpp.dir/rosidl_typesupport_cpp/plansys2_msgs/srv/get_domain__type_support.cpp.o[0m
[7.936s] [ 23%] [32mBuilding CXX object CMakeFiles/plansys2_msgs__rosidl_typesupport_cpp.dir/rosidl_typesupport_cpp/plansys2_msgs/srv/get_domain_actions__type_support.cpp.o[0m
[7.961s] [ 23%] [32mBuilding CXX object CMakeFiles/plansys2_msgs__rosidl_typesupport_cpp.dir/rosidl_typesupport_cpp/plansys2_msgs/srv/get_domain_action_details__type_support.cpp.o[0m
[8.031s] [ 23%] [32mBuilding CXX object CMakeFiles/plansys2_msgs__rosidl_typesupport_cpp.dir/rosidl_typesupport_cpp/plansys2_msgs/srv/get_domain_durative_action_details__type_support.cpp.o[0m
[8.067s] [ 24%] [32mBuilding CXX object CMakeFiles/plansys2_msgs__rosidl_typesupport_cpp.dir/rosidl_typesupport_cpp/plansys2_msgs/srv/get_domain_types__type_support.cpp.o[0m
[8.172s] [ 24%] [32mBuilding CXX object CMakeFiles/plansys2_msgs__rosidl_typesupport_cpp.dir/rosidl_typesupport_cpp/plansys2_msgs/srv/get_node_details__type_support.cpp.o[0m
[8.211s] [ 24%] [32mBuilding CXX object CMakeFiles/plansys2_msgs__rosidl_typesupport_cpp.dir/rosidl_typesupport_cpp/plansys2_msgs/srv/get_plan__type_support.cpp.o[0m
[8.216s] [ 25%] [32mBuilding CXX object CMakeFiles/plansys2_msgs__rosidl_typesupport_cpp.dir/rosidl_typesupport_cpp/plansys2_msgs/srv/get_ordered_sub_goals__type_support.cpp.o[0m
[8.254s] [ 25%] [32mBuilding CXX object CMakeFiles/plansys2_msgs__rosidl_typesupport_cpp.dir/rosidl_typesupport_cpp/plansys2_msgs/srv/get_problem__type_support.cpp.o[0m
[8.298s] [ 26%] [32mBuilding CXX object CMakeFiles/plansys2_msgs__rosidl_typesupport_cpp.dir/rosidl_typesupport_cpp/plansys2_msgs/srv/get_problem_goal__type_support.cpp.o[0m
[8.323s] [ 26%] [32mBuilding CXX object CMakeFiles/plansys2_msgs__rosidl_typesupport_cpp.dir/rosidl_typesupport_cpp/plansys2_msgs/srv/get_problem_instances__type_support.cpp.o[0m
[8.347s] [ 26%] [32mBuilding CXX object CMakeFiles/plansys2_msgs__rosidl_typesupport_cpp.dir/rosidl_typesupport_cpp/plansys2_msgs/srv/get_problem_instance_details__type_support.cpp.o[0m
[8.494s] [ 27%] [32mBuilding CXX object CMakeFiles/plansys2_msgs__rosidl_typesupport_cpp.dir/rosidl_typesupport_cpp/plansys2_msgs/srv/get_states__type_support.cpp.o[0m
[8.530s] [ 27%] [32mBuilding CXX object CMakeFiles/plansys2_msgs__rosidl_typesupport_cpp.dir/rosidl_typesupport_cpp/plansys2_msgs/srv/is_problem_goal_satisfied__type_support.cpp.o[0m
[8.555s] [ 27%] [32mBuilding CXX object CMakeFiles/plansys2_msgs__rosidl_typesupport_cpp.dir/rosidl_typesupport_cpp/plansys2_msgs/srv/remove_problem_goal__type_support.cpp.o[0m
[8.561s] [ 28%] [32mBuilding CXX object CMakeFiles/plansys2_msgs__rosidl_typesupport_cpp.dir/rosidl_typesupport_cpp/plansys2_msgs/srv/clear_problem_knowledge__type_support.cpp.o[0m
[8.587s] [ 28%] [32mBuilding CXX object CMakeFiles/plansys2_msgs__rosidl_typesupport_cpp.dir/rosidl_typesupport_cpp/plansys2_msgs/action/execute_plan__type_support.cpp.o[0m
[8.648s] [35m[1mScanning dependencies of target plansys2_msgs__rosidl_typesupport_c[0m
[8.696s] [ 28%] [32mBuilding CXX object CMakeFiles/plansys2_msgs__rosidl_typesupport_c.dir/rosidl_typesupport_c/plansys2_msgs/msg/action__type_support.cpp.o[0m
[8.709s] [ 28%] [32mBuilding CXX object CMakeFiles/plansys2_msgs__rosidl_typesupport_c.dir/rosidl_typesupport_c/plansys2_msgs/msg/action_execution__type_support.cpp.o[0m
[8.729s] [ 29%] [32mBuilding CXX object CMakeFiles/plansys2_msgs__rosidl_typesupport_c.dir/rosidl_typesupport_c/plansys2_msgs/msg/action_execution_info__type_support.cpp.o[0m
[8.767s] [ 29%] [32mBuilding CXX object CMakeFiles/plansys2_msgs__rosidl_typesupport_c.dir/rosidl_typesupport_c/plansys2_msgs/msg/action_performer_status__type_support.cpp.o[0m
[8.800s] [ 30%] [32mBuilding CXX object CMakeFiles/plansys2_msgs__rosidl_typesupport_c.dir/rosidl_typesupport_c/plansys2_msgs/msg/knowledge__type_support.cpp.o[0m
[8.800s] [ 30%] [32mBuilding CXX object CMakeFiles/plansys2_msgs__rosidl_typesupport_c.dir/rosidl_typesupport_c/plansys2_msgs/msg/durative_action__type_support.cpp.o[0m
[8.813s] [ 30%] [32mBuilding CXX object CMakeFiles/plansys2_msgs__rosidl_typesupport_c.dir/rosidl_typesupport_c/plansys2_msgs/msg/node__type_support.cpp.o[0m
[8.820s] [ 30%] [32mBuilding CXX object CMakeFiles/plansys2_msgs__rosidl_typesupport_c.dir/rosidl_typesupport_c/plansys2_msgs/msg/param__type_support.cpp.o[0m
[8.853s] [35m[1mScanning dependencies of target plansys2_msgs__rosidl_typesupport_introspection_cpp[0m
[8.861s] [ 31%] [32mBuilding CXX object CMakeFiles/plansys2_msgs__rosidl_typesupport_c.dir/rosidl_typesupport_c/plansys2_msgs/msg/plan__type_support.cpp.o[0m
[8.863s] [ 31%] [32mBuilding CXX object CMakeFiles/plansys2_msgs__rosidl_typesupport_c.dir/rosidl_typesupport_c/plansys2_msgs/msg/plan_item__type_support.cpp.o[0m
[8.878s] [ 32%] [32mBuilding CXX object CMakeFiles/plansys2_msgs__rosidl_typesupport_c.dir/rosidl_typesupport_c/plansys2_msgs/srv/add_problem__type_support.cpp.o[0m
[8.884s] [ 32%] [32mBuilding CXX object CMakeFiles/plansys2_msgs__rosidl_typesupport_c.dir/rosidl_typesupport_c/plansys2_msgs/msg/tree__type_support.cpp.o[0m
[8.891s] [ 32%] [32mBuilding CXX object CMakeFiles/plansys2_msgs__rosidl_typesupport_c.dir/rosidl_typesupport_c/plansys2_msgs/srv/add_problem_goal__type_support.cpp.o[0m
[8.895s] [ 32%] [32mBuilding CXX object CMakeFiles/plansys2_msgs__rosidl_typesupport_c.dir/rosidl_typesupport_c/plansys2_msgs/srv/exist_node__type_support.cpp.o[0m
[8.895s] [ 32%] [32mBuilding CXX object CMakeFiles/plansys2_msgs__rosidl_typesupport_c.dir/rosidl_typesupport_c/plansys2_msgs/srv/affect_node__type_support.cpp.o[0m
[8.896s] [ 33%] [32mBuilding CXX object CMakeFiles/plansys2_msgs__rosidl_typesupport_c.dir/rosidl_typesupport_c/plansys2_msgs/srv/affect_param__type_support.cpp.o[0m
[8.899s] [35m[1mScanning dependencies of target plansys2_msgs__rosidl_typesupport_fastrtps_cpp[0m
[8.911s] [ 34%] [32mBuilding CXX object CMakeFiles/plansys2_msgs__rosidl_typesupport_c.dir/rosidl_typesupport_c/plansys2_msgs/srv/get_domain__type_support.cpp.o[0m
[8.912s] [ 34%] [32mBuilding CXX object CMakeFiles/plansys2_msgs__rosidl_typesupport_introspection_cpp.dir/rosidl_typesupport_introspection_cpp/plansys2_msgs/msg/detail/action__type_support.cpp.o[0m
[8.919s] [ 34%] [32mBuilding CXX object CMakeFiles/plansys2_msgs__rosidl_typesupport_introspection_cpp.dir/rosidl_typesupport_introspection_cpp/plansys2_msgs/msg/detail/action_execution__type_support.cpp.o[0m
[8.940s] [ 34%] [32mBuilding CXX object CMakeFiles/plansys2_msgs__rosidl_typesupport_c.dir/rosidl_typesupport_c/plansys2_msgs/srv/get_domain_actions__type_support.cpp.o[0m
[8.943s] [ 35%] [32mBuilding CXX object CMakeFiles/plansys2_msgs__rosidl_typesupport_introspection_cpp.dir/rosidl_typesupport_introspection_cpp/plansys2_msgs/msg/detail/action_execution_info__type_support.cpp.o[0m
[8.943s] [ 35%] [32mBuilding CXX object CMakeFiles/plansys2_msgs__rosidl_typesupport_introspection_cpp.dir/rosidl_typesupport_introspection_cpp/plansys2_msgs/msg/detail/action_performer_status__type_support.cpp.o[0m
[8.945s] [ 35%] [32mBuilding CXX object CMakeFiles/plansys2_msgs__rosidl_typesupport_c.dir/rosidl_typesupport_c/plansys2_msgs/srv/get_domain_action_details__type_support.cpp.o[0m
[8.947s] [ 35%] [32mBuilding CXX object CMakeFiles/plansys2_msgs__rosidl_typesupport_introspection_cpp.dir/rosidl_typesupport_introspection_cpp/plansys2_msgs/msg/detail/durative_action__type_support.cpp.o[0m
[8.955s] [ 36%] [32mBuilding CXX object CMakeFiles/plansys2_msgs__rosidl_typesupport_c.dir/rosidl_typesupport_c/plansys2_msgs/srv/get_domain_durative_action_details__type_support.cpp.o[0m
[8.965s] [ 36%] [32mBuilding CXX object CMakeFiles/plansys2_msgs__rosidl_typesupport_fastrtps_cpp.dir/rosidl_typesupport_fastrtps_cpp/plansys2_msgs/msg/detail/dds_fastrtps/action__type_support.cpp.o[0m
[8.984s] [ 37%] [32mBuilding CXX object CMakeFiles/plansys2_msgs__rosidl_typesupport_introspection_cpp.dir/rosidl_typesupport_introspection_cpp/plansys2_msgs/msg/detail/knowledge__type_support.cpp.o[0m
[8.996s] [ 37%] [32mBuilding CXX object CMakeFiles/plansys2_msgs__rosidl_typesupport_fastrtps_cpp.dir/rosidl_typesupport_fastrtps_cpp/plansys2_msgs/msg/detail/dds_fastrtps/action_execution__type_support.cpp.o[0m
[8.999s] [ 37%] [32m[1mLinking CXX shared library libplansys2_msgs__rosidl_typesupport_cpp.so[0m
[9.003s] [ 37%] [32mBuilding CXX object CMakeFiles/plansys2_msgs__rosidl_typesupport_c.dir/rosidl_typesupport_c/plansys2_msgs/srv/get_domain_types__type_support.cpp.o[0m
[9.020s] [ 37%] [32mBuilding CXX object CMakeFiles/plansys2_msgs__rosidl_typesupport_c.dir/rosidl_typesupport_c/plansys2_msgs/srv/get_node_details__type_support.cpp.o[0m
[9.072s] [ 38%] [32mBuilding CXX object CMakeFiles/plansys2_msgs__rosidl_typesupport_c.dir/rosidl_typesupport_c/plansys2_msgs/srv/get_plan__type_support.cpp.o[0m
[9.092s] [ 38%] [32mBuilding CXX object CMakeFiles/plansys2_msgs__rosidl_typesupport_c.dir/rosidl_typesupport_c/plansys2_msgs/srv/get_ordered_sub_goals__type_support.cpp.o[0m
[9.108s] [ 38%] Built target plansys2_msgs__rosidl_typesupport_cpp
[9.122s] [ 38%] [32mBuilding CXX object CMakeFiles/plansys2_msgs__rosidl_typesupport_c.dir/rosidl_typesupport_c/plansys2_msgs/srv/get_problem__type_support.cpp.o[0m
[9.122s] [ 39%] [32mBuilding CXX object CMakeFiles/plansys2_msgs__rosidl_typesupport_fastrtps_cpp.dir/rosidl_typesupport_fastrtps_cpp/plansys2_msgs/msg/detail/dds_fastrtps/action_execution_info__type_support.cpp.o[0m
[9.141s] [ 40%] [32mBuilding CXX object CMakeFiles/plansys2_msgs__rosidl_typesupport_c.dir/rosidl_typesupport_c/plansys2_msgs/srv/get_problem_goal__type_support.cpp.o[0m
[9.165s] [ 40%] [32mBuilding CXX object CMakeFiles/plansys2_msgs__rosidl_typesupport_fastrtps_cpp.dir/rosidl_typesupport_fastrtps_cpp/plansys2_msgs/msg/detail/dds_fastrtps/action_performer_status__type_support.cpp.o[0m
[9.190s] [ 40%] [32mBuilding CXX object CMakeFiles/plansys2_msgs__rosidl_typesupport_c.dir/rosidl_typesupport_c/plansys2_msgs/srv/get_problem_instances__type_support.cpp.o[0m
[9.267s] [ 40%] [32mBuilding CXX object CMakeFiles/plansys2_msgs__rosidl_typesupport_c.dir/rosidl_typesupport_c/plansys2_msgs/srv/get_problem_instance_details__type_support.cpp.o[0m
[9.316s] [ 40%] [32mBuilding CXX object CMakeFiles/plansys2_msgs__rosidl_typesupport_introspection_cpp.dir/rosidl_typesupport_introspection_cpp/plansys2_msgs/msg/detail/node__type_support.cpp.o[0m
[9.323s] [ 41%] [32mBuilding CXX object CMakeFiles/plansys2_msgs__rosidl_typesupport_c.dir/rosidl_typesupport_c/plansys2_msgs/srv/get_states__type_support.cpp.o[0m
[9.340s] [ 41%] [32mBuilding CXX object CMakeFiles/plansys2_msgs__rosidl_typesupport_introspection_cpp.dir/rosidl_typesupport_introspection_cpp/plansys2_msgs/msg/detail/param__type_support.cpp.o[0m
[9.364s] [ 42%] [32mBuilding CXX object CMakeFiles/plansys2_msgs__rosidl_typesupport_introspection_cpp.dir/rosidl_typesupport_introspection_cpp/plansys2_msgs/msg/detail/plan__type_support.cpp.o[0m
[9.371s] [ 42%] [32mBuilding CXX object CMakeFiles/plansys2_msgs__rosidl_typesupport_introspection_cpp.dir/rosidl_typesupport_introspection_cpp/plansys2_msgs/msg/detail/plan_item__type_support.cpp.o[0m
[9.371s] [ 42%] [32mBuilding CXX object CMakeFiles/plansys2_msgs__rosidl_typesupport_c.dir/rosidl_typesupport_c/plansys2_msgs/srv/is_problem_goal_satisfied__type_support.cpp.o[0m
[9.407s] [ 42%] [32mBuilding CXX object CMakeFiles/plansys2_msgs__rosidl_typesupport_introspection_cpp.dir/rosidl_typesupport_introspection_cpp/plansys2_msgs/msg/detail/tree__type_support.cpp.o[0m
[9.416s] [ 42%] [32mBuilding CXX object CMakeFiles/plansys2_msgs__rosidl_typesupport_c.dir/rosidl_typesupport_c/plansys2_msgs/srv/remove_problem_goal__type_support.cpp.o[0m
[9.457s] [ 43%] [32mBuilding CXX object CMakeFiles/plansys2_msgs__rosidl_typesupport_c.dir/rosidl_typesupport_c/plansys2_msgs/srv/clear_problem_knowledge__type_support.cpp.o[0m
[9.503s] [ 43%] [32mBuilding CXX object CMakeFiles/plansys2_msgs__rosidl_typesupport_c.dir/rosidl_typesupport_c/plansys2_msgs/action/execute_plan__type_support.cpp.o[0m
[9.561s] [ 43%] [32mBuilding CXX object CMakeFiles/plansys2_msgs__rosidl_typesupport_fastrtps_cpp.dir/rosidl_typesupport_fastrtps_cpp/plansys2_msgs/msg/detail/dds_fastrtps/durative_action__type_support.cpp.o[0m
[9.575s] [ 44%] [32mBuilding CXX object CMakeFiles/plansys2_msgs__rosidl_typesupport_introspection_cpp.dir/rosidl_typesupport_introspection_cpp/plansys2_msgs/srv/detail/add_problem__type_support.cpp.o[0m
[9.575s] [ 44%] [32m[1mLinking CXX shared library libplansys2_msgs__rosidl_typesupport_c.so[0m
[9.595s] [ 45%] [32mBuilding CXX object CMakeFiles/plansys2_msgs__rosidl_typesupport_fastrtps_cpp.dir/rosidl_typesupport_fastrtps_cpp/plansys2_msgs/msg/detail/dds_fastrtps/knowledge__type_support.cpp.o[0m
[9.650s] [ 45%] Built target plansys2_msgs__rosidl_typesupport_c
[9.685s] [ 45%] [32mBuilding CXX object CMakeFiles/plansys2_msgs__rosidl_typesupport_fastrtps_cpp.dir/rosidl_typesupport_fastrtps_cpp/plansys2_msgs/msg/detail/dds_fastrtps/node__type_support.cpp.o[0m
[9.686s] [ 45%] [32mBuilding CXX object CMakeFiles/plansys2_msgs__rosidl_typesupport_introspection_cpp.dir/rosidl_typesupport_introspection_cpp/plansys2_msgs/srv/detail/add_problem_goal__type_support.cpp.o[0m
[9.720s] [ 45%] [32mBuilding CXX object CMakeFiles/plansys2_msgs__rosidl_typesupport_fastrtps_cpp.dir/rosidl_typesupport_fastrtps_cpp/plansys2_msgs/msg/detail/dds_fastrtps/param__type_support.cpp.o[0m
[9.773s] [ 46%] [32mBuilding CXX object CMakeFiles/plansys2_msgs__rosidl_typesupport_introspection_cpp.dir/rosidl_typesupport_introspection_cpp/plansys2_msgs/srv/detail/affect_node__type_support.cpp.o[0m
[9.773s] [ 46%] [32mBuilding CXX object CMakeFiles/plansys2_msgs__rosidl_typesupport_introspection_cpp.dir/rosidl_typesupport_introspection_cpp/plansys2_msgs/srv/detail/affect_param__type_support.cpp.o[0m
[9.791s] [ 46%] [32mBuilding CXX object CMakeFiles/plansys2_msgs__rosidl_typesupport_introspection_cpp.dir/rosidl_typesupport_introspection_cpp/plansys2_msgs/srv/detail/exist_node__type_support.cpp.o[0m
[9.819s] [ 47%] [32mBuilding CXX object CMakeFiles/plansys2_msgs__rosidl_typesupport_introspection_cpp.dir/rosidl_typesupport_introspection_cpp/plansys2_msgs/srv/detail/get_domain__type_support.cpp.o[0m
[9.828s] [35m[1mScanning dependencies of target plansys2_msgs__rosidl_typesupport_introspection_c[0m
[9.897s] [ 47%] [32mBuilding C object CMakeFiles/plansys2_msgs__rosidl_typesupport_introspection_c.dir/rosidl_typesupport_introspection_c/plansys2_msgs/msg/detail/action__type_support.c.o[0m
[9.912s] [ 47%] [32mBuilding CXX object CMakeFiles/plansys2_msgs__rosidl_typesupport_introspection_cpp.dir/rosidl_typesupport_introspection_cpp/plansys2_msgs/srv/detail/get_domain_actions__type_support.cpp.o[0m
[9.949s] [ 47%] [32mBuilding C object CMakeFiles/plansys2_msgs__rosidl_typesupport_introspection_c.dir/rosidl_typesupport_introspection_c/plansys2_msgs/msg/detail/action_execution__type_support.c.o[0m
[9.962s] [ 47%] [32mBuilding CXX object CMakeFiles/plansys2_msgs__rosidl_typesupport_introspection_cpp.dir/rosidl_typesupport_introspection_cpp/plansys2_msgs/srv/detail/get_domain_action_details__type_support.cpp.o[0m
[9.989s] [ 48%] [32mBuilding C object CMakeFiles/plansys2_msgs__rosidl_typesupport_introspection_c.dir/rosidl_typesupport_introspection_c/plansys2_msgs/msg/detail/action_execution_info__type_support.c.o[0m
[10.035s] [ 48%] [32mBuilding C object CMakeFiles/plansys2_msgs__rosidl_typesupport_introspection_c.dir/rosidl_typesupport_introspection_c/plansys2_msgs/msg/detail/action_performer_status__type_support.c.o[0m
[10.044s] [ 49%] [32mBuilding CXX object CMakeFiles/plansys2_msgs__rosidl_typesupport_introspection_cpp.dir/rosidl_typesupport_introspection_cpp/plansys2_msgs/srv/detail/get_domain_durative_action_details__type_support.cpp.o[0m
[10.105s] [ 50%] [32mBuilding C object CMakeFiles/plansys2_msgs__rosidl_typesupport_introspection_c.dir/rosidl_typesupport_introspection_c/plansys2_msgs/msg/detail/durative_action__type_support.c.o[0m
[10.130s] [ 50%] [32mBuilding CXX object CMakeFiles/plansys2_msgs__rosidl_typesupport_introspection_cpp.dir/rosidl_typesupport_introspection_cpp/plansys2_msgs/srv/detail/get_domain_types__type_support.cpp.o[0m
[10.158s] [ 50%] [32mBuilding CXX object CMakeFiles/plansys2_msgs__rosidl_typesupport_introspection_cpp.dir/rosidl_typesupport_introspection_cpp/plansys2_msgs/srv/detail/get_node_details__type_support.cpp.o[0m
[10.162s] [ 51%] [32mBuilding CXX object CMakeFiles/plansys2_msgs__rosidl_typesupport_fastrtps_cpp.dir/rosidl_typesupport_fastrtps_cpp/plansys2_msgs/msg/detail/dds_fastrtps/plan__type_support.cpp.o[0m
[10.164s] [ 51%] [32mBuilding C object CMakeFiles/plansys2_msgs__rosidl_typesupport_introspection_c.dir/rosidl_typesupport_introspection_c/plansys2_msgs/msg/detail/knowledge__type_support.c.o[0m
[10.189s] [ 52%] [32mBuilding CXX object CMakeFiles/plansys2_msgs__rosidl_typesupport_introspection_cpp.dir/rosidl_typesupport_introspection_cpp/plansys2_msgs/srv/detail/get_plan__type_support.cpp.o[0m
[10.191s] [ 52%] [32mBuilding CXX object CMakeFiles/plansys2_msgs__rosidl_typesupport_fastrtps_cpp.dir/rosidl_typesupport_fastrtps_cpp/plansys2_msgs/msg/detail/dds_fastrtps/plan_item__type_support.cpp.o[0m
[10.218s] [ 52%] [32mBuilding C object CMakeFiles/plansys2_msgs__rosidl_typesupport_introspection_c.dir/rosidl_typesupport_introspection_c/plansys2_msgs/msg/detail/node__type_support.c.o[0m
[10.227s] [ 52%] [32mBuilding CXX object CMakeFiles/plansys2_msgs__rosidl_typesupport_introspection_cpp.dir/rosidl_typesupport_introspection_cpp/plansys2_msgs/srv/detail/get_ordered_sub_goals__type_support.cpp.o[0m
[10.262s] [ 53%] [32mBuilding C object CMakeFiles/plansys2_msgs__rosidl_typesupport_introspection_c.dir/rosidl_typesupport_introspection_c/plansys2_msgs/msg/detail/param__type_support.c.o[0m
[10.279s] [ 53%] [32mBuilding CXX object CMakeFiles/plansys2_msgs__rosidl_typesupport_fastrtps_cpp.dir/rosidl_typesupport_fastrtps_cpp/plansys2_msgs/msg/detail/dds_fastrtps/tree__type_support.cpp.o[0m
[10.297s] [ 54%] [32mBuilding CXX object CMakeFiles/plansys2_msgs__rosidl_typesupport_fastrtps_cpp.dir/rosidl_typesupport_fastrtps_cpp/plansys2_msgs/srv/detail/dds_fastrtps/add_problem__type_support.cpp.o[0m
[10.312s] [ 54%] [32mBuilding C object CMakeFiles/plansys2_msgs__rosidl_typesupport_introspection_c.dir/rosidl_typesupport_introspection_c/plansys2_msgs/msg/detail/plan__type_support.c.o[0m
[10.359s] [ 54%] [32mBuilding CXX object CMakeFiles/plansys2_msgs__rosidl_typesupport_introspection_cpp.dir/rosidl_typesupport_introspection_cpp/plansys2_msgs/srv/detail/get_problem__type_support.cpp.o[0m
[10.360s] [ 54%] [32mBuilding C object CMakeFiles/plansys2_msgs__rosidl_typesupport_introspection_c.dir/rosidl_typesupport_introspection_c/plansys2_msgs/msg/detail/plan_item__type_support.c.o[0m
[10.407s] [ 55%] [32mBuilding C object CMakeFiles/plansys2_msgs__rosidl_typesupport_introspection_c.dir/rosidl_typesupport_introspection_c/plansys2_msgs/msg/detail/tree__type_support.c.o[0m
[10.425s] [ 56%] [32mBuilding CXX object CMakeFiles/plansys2_msgs__rosidl_typesupport_introspection_cpp.dir/rosidl_typesupport_introspection_cpp/plansys2_msgs/srv/detail/get_problem_goal__type_support.cpp.o[0m
[10.466s] [ 56%] [32mBuilding C object CMakeFiles/plansys2_msgs__rosidl_typesupport_introspection_c.dir/rosidl_typesupport_introspection_c/plansys2_msgs/srv/detail/add_problem__type_support.c.o[0m
[10.518s] [ 56%] [32mBuilding C object CMakeFiles/plansys2_msgs__rosidl_typesupport_introspection_c.dir/rosidl_typesupport_introspection_c/plansys2_msgs/srv/detail/add_problem_goal__type_support.c.o[0m
[10.551s] [ 56%] [32mBuilding CXX object CMakeFiles/plansys2_msgs__rosidl_typesupport_introspection_cpp.dir/rosidl_typesupport_introspection_cpp/plansys2_msgs/srv/detail/get_problem_instances__type_support.cpp.o[0m
[10.555s] [ 57%] [32mBuilding C object CMakeFiles/plansys2_msgs__rosidl_typesupport_introspection_c.dir/rosidl_typesupport_introspection_c/plansys2_msgs/srv/detail/affect_node__type_support.c.o[0m
[10.555s] [ 57%] [32mBuilding CXX object CMakeFiles/plansys2_msgs__rosidl_typesupport_introspection_cpp.dir/rosidl_typesupport_introspection_cpp/plansys2_msgs/srv/detail/get_problem_instance_details__type_support.cpp.o[0m
[10.573s] [ 57%] [32mBuilding C object CMakeFiles/plansys2_msgs__rosidl_typesupport_introspection_c.dir/rosidl_typesupport_introspection_c/plansys2_msgs/srv/detail/affect_param__type_support.c.o[0m
[10.608s] [ 57%] [32mBuilding C object CMakeFiles/plansys2_msgs__rosidl_typesupport_introspection_c.dir/rosidl_typesupport_introspection_c/plansys2_msgs/srv/detail/exist_node__type_support.c.o[0m
[10.624s] [ 58%] [32mBuilding C object CMakeFiles/plansys2_msgs__rosidl_typesupport_introspection_c.dir/rosidl_typesupport_introspection_c/plansys2_msgs/srv/detail/get_domain__type_support.c.o[0m
[10.643s] [ 59%] [32mBuilding CXX object CMakeFiles/plansys2_msgs__rosidl_typesupport_introspection_cpp.dir/rosidl_typesupport_introspection_cpp/plansys2_msgs/srv/detail/get_states__type_support.cpp.o[0m
[10.665s] [ 59%] [32mBuilding C object CMakeFiles/plansys2_msgs__rosidl_typesupport_introspection_c.dir/rosidl_typesupport_introspection_c/plansys2_msgs/srv/detail/get_domain_actions__type_support.c.o[0m
[10.672s] [ 59%] [32mBuilding C object CMakeFiles/plansys2_msgs__rosidl_typesupport_introspection_c.dir/rosidl_typesupport_introspection_c/plansys2_msgs/srv/detail/get_domain_action_details__type_support.c.o[0m
[10.673s] [ 59%] [32mBuilding CXX object CMakeFiles/plansys2_msgs__rosidl_typesupport_introspection_cpp.dir/rosidl_typesupport_introspection_cpp/plansys2_msgs/srv/detail/is_problem_goal_satisfied__type_support.cpp.o[0m
[10.715s] [ 60%] [32mBuilding C object CMakeFiles/plansys2_msgs__rosidl_typesupport_introspection_c.dir/rosidl_typesupport_introspection_c/plansys2_msgs/srv/detail/get_domain_durative_action_details__type_support.c.o[0m
[10.726s] [ 60%] [32mBuilding C object CMakeFiles/plansys2_msgs__rosidl_typesupport_introspection_c.dir/rosidl_typesupport_introspection_c/plansys2_msgs/srv/detail/get_domain_types__type_support.c.o[0m
[10.728s] [ 60%] [32mBuilding CXX object CMakeFiles/plansys2_msgs__rosidl_typesupport_fastrtps_cpp.dir/rosidl_typesupport_fastrtps_cpp/plansys2_msgs/srv/detail/dds_fastrtps/add_problem_goal__type_support.cpp.o[0m
[10.765s] [ 60%] [32mBuilding CXX object CMakeFiles/plansys2_msgs__rosidl_typesupport_introspection_cpp.dir/rosidl_typesupport_introspection_cpp/plansys2_msgs/srv/detail/remove_problem_goal__type_support.cpp.o[0m
[10.767s] [ 60%] [32mBuilding CXX object CMakeFiles/plansys2_msgs__rosidl_typesupport_fastrtps_cpp.dir/rosidl_typesupport_fastrtps_cpp/plansys2_msgs/srv/detail/dds_fastrtps/affect_node__type_support.cpp.o[0m
[10.774s] [ 60%] [32mBuilding C object CMakeFiles/plansys2_msgs__rosidl_typesupport_introspection_c.dir/rosidl_typesupport_introspection_c/plansys2_msgs/srv/detail/get_node_details__type_support.c.o[0m
[10.775s] [ 61%] [32mBuilding C object CMakeFiles/plansys2_msgs__rosidl_typesupport_introspection_c.dir/rosidl_typesupport_introspection_c/plansys2_msgs/srv/detail/get_plan__type_support.c.o[0m
[10.822s] [ 61%] [32mBuilding C object CMakeFiles/plansys2_msgs__rosidl_typesupport_introspection_c.dir/rosidl_typesupport_introspection_c/plansys2_msgs/srv/detail/get_ordered_sub_goals__type_support.c.o[0m
[10.829s] [ 61%] [32mBuilding C object CMakeFiles/plansys2_msgs__rosidl_typesupport_introspection_c.dir/rosidl_typesupport_introspection_c/plansys2_msgs/srv/detail/get_problem__type_support.c.o[0m
[10.847s] [ 62%] [32mBuilding CXX object CMakeFiles/plansys2_msgs__rosidl_typesupport_introspection_cpp.dir/rosidl_typesupport_introspection_cpp/plansys2_msgs/srv/detail/clear_problem_knowledge__type_support.cpp.o[0m
[10.871s] [ 63%] [32mBuilding C object CMakeFiles/plansys2_msgs__rosidl_typesupport_introspection_c.dir/rosidl_typesupport_introspection_c/plansys2_msgs/srv/detail/get_problem_goal__type_support.c.o[0m
[10.875s] [ 63%] [32mBuilding C object CMakeFiles/plansys2_msgs__rosidl_typesupport_introspection_c.dir/rosidl_typesupport_introspection_c/plansys2_msgs/srv/detail/get_problem_instances__type_support.c.o[0m
[10.897s] [ 64%] [32mBuilding CXX object CMakeFiles/plansys2_msgs__rosidl_typesupport_fastrtps_cpp.dir/rosidl_typesupport_fastrtps_cpp/plansys2_msgs/srv/detail/dds_fastrtps/affect_param__type_support.cpp.o[0m
[10.916s] [ 65%] [32mBuilding C object CMakeFiles/plansys2_msgs__rosidl_typesupport_introspection_c.dir/rosidl_typesupport_introspection_c/plansys2_msgs/srv/detail/get_problem_instance_details__type_support.c.o[0m
[10.929s] [ 65%] [32mBuilding C object CMakeFiles/plansys2_msgs__rosidl_typesupport_introspection_c.dir/rosidl_typesupport_introspection_c/plansys2_msgs/srv/detail/get_states__type_support.c.o[0m
[10.950s] [ 65%] [32mBuilding CXX object CMakeFiles/plansys2_msgs__rosidl_typesupport_fastrtps_cpp.dir/rosidl_typesupport_fastrtps_cpp/plansys2_msgs/srv/detail/dds_fastrtps/exist_node__type_support.cpp.o[0m
[10.970s] [ 65%] [32mBuilding C object CMakeFiles/plansys2_msgs__rosidl_typesupport_introspection_c.dir/rosidl_typesupport_introspection_c/plansys2_msgs/srv/detail/is_problem_goal_satisfied__type_support.c.o[0m
[10.984s] [ 66%] [32mBuilding C object CMakeFiles/plansys2_msgs__rosidl_typesupport_introspection_c.dir/rosidl_typesupport_introspection_c/plansys2_msgs/srv/detail/remove_problem_goal__type_support.c.o[0m
[11.017s] [ 66%] [32mBuilding C object CMakeFiles/plansys2_msgs__rosidl_typesupport_introspection_c.dir/rosidl_typesupport_introspection_c/plansys2_msgs/srv/detail/clear_problem_knowledge__type_support.c.o[0m
[11.020s] [ 66%] [32mBuilding CXX object CMakeFiles/plansys2_msgs__rosidl_typesupport_introspection_cpp.dir/rosidl_typesupport_introspection_cpp/plansys2_msgs/action/detail/execute_plan__type_support.cpp.o[0m
[11.029s] [ 66%] [32mBuilding C object CMakeFiles/plansys2_msgs__rosidl_typesupport_introspection_c.dir/rosidl_typesupport_introspection_c/plansys2_msgs/action/detail/execute_plan__type_support.c.o[0m
[11.034s] [ 66%] [32mBuilding CXX object CMakeFiles/plansys2_msgs__rosidl_typesupport_fastrtps_cpp.dir/rosidl_typesupport_fastrtps_cpp/plansys2_msgs/srv/detail/dds_fastrtps/get_domain__type_support.cpp.o[0m
[11.065s] [ 67%] [32mBuilding CXX object CMakeFiles/plansys2_msgs__rosidl_typesupport_fastrtps_cpp.dir/rosidl_typesupport_fastrtps_cpp/plansys2_msgs/srv/detail/dds_fastrtps/get_domain_actions__type_support.cpp.o[0m
[11.103s] [ 67%] [32mBuilding CXX object CMakeFiles/plansys2_msgs__rosidl_typesupport_fastrtps_cpp.dir/rosidl_typesupport_fastrtps_cpp/plansys2_msgs/srv/detail/dds_fastrtps/get_domain_action_details__type_support.cpp.o[0m
[11.111s] [ 68%] [32m[1mLinking C shared library libplansys2_msgs__rosidl_typesupport_introspection_c.so[0m
[11.129s] [ 69%] [32mBuilding CXX object CMakeFiles/plansys2_msgs__rosidl_typesupport_fastrtps_cpp.dir/rosidl_typesupport_fastrtps_cpp/plansys2_msgs/srv/detail/dds_fastrtps/get_domain_durative_action_details__type_support.cpp.o[0m
[11.154s] [ 69%] [32mBuilding CXX object CMakeFiles/plansys2_msgs__rosidl_typesupport_fastrtps_cpp.dir/rosidl_typesupport_fastrtps_cpp/plansys2_msgs/srv/detail/dds_fastrtps/get_domain_types__type_support.cpp.o[0m
[11.166s] [ 69%] Built target plansys2_msgs__rosidl_typesupport_introspection_c
[11.178s] [ 69%] [32mBuilding CXX object CMakeFiles/plansys2_msgs__rosidl_typesupport_fastrtps_cpp.dir/rosidl_typesupport_fastrtps_cpp/plansys2_msgs/srv/detail/dds_fastrtps/get_node_details__type_support.cpp.o[0m
[11.210s] [ 70%] [32mBuilding CXX object CMakeFiles/plansys2_msgs__rosidl_typesupport_fastrtps_cpp.dir/rosidl_typesupport_fastrtps_cpp/plansys2_msgs/srv/detail/dds_fastrtps/get_plan__type_support.cpp.o[0m
[11.309s] [ 70%] [32mBuilding CXX object CMakeFiles/plansys2_msgs__rosidl_typesupport_fastrtps_cpp.dir/rosidl_typesupport_fastrtps_cpp/plansys2_msgs/srv/detail/dds_fastrtps/get_ordered_sub_goals__type_support.cpp.o[0m
[11.350s] [ 70%] [32mBuilding CXX object CMakeFiles/plansys2_msgs__rosidl_typesupport_fastrtps_cpp.dir/rosidl_typesupport_fastrtps_cpp/plansys2_msgs/srv/detail/dds_fastrtps/get_problem__type_support.cpp.o[0m
[11.474s] [ 71%] [32mBuilding CXX object CMakeFiles/plansys2_msgs__rosidl_typesupport_fastrtps_cpp.dir/rosidl_typesupport_fastrtps_cpp/plansys2_msgs/srv/detail/dds_fastrtps/get_problem_goal__type_support.cpp.o[0m
[11.496s] [ 71%] [32mBuilding CXX object CMakeFiles/plansys2_msgs__rosidl_typesupport_fastrtps_cpp.dir/rosidl_typesupport_fastrtps_cpp/plansys2_msgs/srv/detail/dds_fastrtps/get_problem_instances__type_support.cpp.o[0m
[11.518s] [ 71%] [32mBuilding CXX object CMakeFiles/plansys2_msgs__rosidl_typesupport_fastrtps_cpp.dir/rosidl_typesupport_fastrtps_cpp/plansys2_msgs/srv/detail/dds_fastrtps/get_problem_instance_details__type_support.cpp.o[0m
[11.585s] [ 72%] [32m[1mLinking CXX shared library libplansys2_msgs__rosidl_typesupport_introspection_cpp.so[0m
[11.609s] [ 73%] [32mBuilding CXX object CMakeFiles/plansys2_msgs__rosidl_typesupport_fastrtps_cpp.dir/rosidl_typesupport_fastrtps_cpp/plansys2_msgs/srv/detail/dds_fastrtps/get_states__type_support.cpp.o[0m
[11.661s] [ 73%] [32mBuilding CXX object CMakeFiles/plansys2_msgs__rosidl_typesupport_fastrtps_cpp.dir/rosidl_typesupport_fastrtps_cpp/plansys2_msgs/srv/detail/dds_fastrtps/is_problem_goal_satisfied__type_support.cpp.o[0m
[11.706s] [ 73%] [32mBuilding CXX object CMakeFiles/plansys2_msgs__rosidl_typesupport_fastrtps_cpp.dir/rosidl_typesupport_fastrtps_cpp/plansys2_msgs/srv/detail/dds_fastrtps/remove_problem_goal__type_support.cpp.o[0m
[11.711s] [ 74%] [32mBuilding CXX object CMakeFiles/plansys2_msgs__rosidl_typesupport_fastrtps_cpp.dir/rosidl_typesupport_fastrtps_cpp/plansys2_msgs/srv/detail/dds_fastrtps/clear_problem_knowledge__type_support.cpp.o[0m
[11.744s] [ 74%] [32mBuilding CXX object CMakeFiles/plansys2_msgs__rosidl_typesupport_fastrtps_cpp.dir/rosidl_typesupport_fastrtps_cpp/plansys2_msgs/action/detail/dds_fastrtps/execute_plan__type_support.cpp.o[0m
[11.770s] [ 74%] Built target plansys2_msgs__rosidl_typesupport_introspection_cpp
[12.229s] [ 74%] [32m[1mLinking CXX shared library libplansys2_msgs__rosidl_typesupport_fastrtps_cpp.so[0m
[12.320s] [ 74%] Built target plansys2_msgs__rosidl_typesupport_fastrtps_cpp
[12.330s] [ 75%] [34m[1mGenerating C type support for eProsima Fast-RTPS[0m
[14.237s] [35m[1mScanning dependencies of target plansys2_msgs__rosidl_typesupport_fastrtps_c[0m
[14.291s] [ 75%] [32mBuilding CXX object CMakeFiles/plansys2_msgs__rosidl_typesupport_fastrtps_c.dir/rosidl_typesupport_fastrtps_c/plansys2_msgs/msg/detail/param__type_support_c.cpp.o[0m
[14.293s] [ 75%] [32mBuilding CXX object CMakeFiles/plansys2_msgs__rosidl_typesupport_fastrtps_c.dir/rosidl_typesupport_fastrtps_c/plansys2_msgs/msg/detail/action_performer_status__type_support_c.cpp.o[0m
[14.294s] [ 75%] [32mBuilding CXX object CMakeFiles/plansys2_msgs__rosidl_typesupport_fastrtps_c.dir/rosidl_typesupport_fastrtps_c/plansys2_msgs/msg/detail/durative_action__type_support_c.cpp.o[0m
[14.295s] [ 75%] [32mBuilding CXX object CMakeFiles/plansys2_msgs__rosidl_typesupport_fastrtps_c.dir/rosidl_typesupport_fastrtps_c/plansys2_msgs/msg/detail/action__type_support_c.cpp.o[0m
[14.297s] [ 75%] [32mBuilding CXX object CMakeFiles/plansys2_msgs__rosidl_typesupport_fastrtps_c.dir/rosidl_typesupport_fastrtps_c/plansys2_msgs/msg/detail/action_execution__type_support_c.cpp.o[0m
[14.298s] [ 76%] [32mBuilding CXX object CMakeFiles/plansys2_msgs__rosidl_typesupport_fastrtps_c.dir/rosidl_typesupport_fastrtps_c/plansys2_msgs/msg/detail/action_execution_info__type_support_c.cpp.o[0m
[14.299s] [ 77%] [32mBuilding CXX object CMakeFiles/plansys2_msgs__rosidl_typesupport_fastrtps_c.dir/rosidl_typesupport_fastrtps_c/plansys2_msgs/msg/detail/plan__type_support_c.cpp.o[0m
[14.300s] [ 78%] [32mBuilding CXX object CMakeFiles/plansys2_msgs__rosidl_typesupport_fastrtps_c.dir/rosidl_typesupport_fastrtps_c/plansys2_msgs/srv/detail/add_problem__type_support_c.cpp.o[0m
[14.300s] [ 78%] [32mBuilding CXX object CMakeFiles/plansys2_msgs__rosidl_typesupport_fastrtps_c.dir/rosidl_typesupport_fastrtps_c/plansys2_msgs/msg/detail/knowledge__type_support_c.cpp.o[0m
[14.300s] [ 78%] [32mBuilding CXX object CMakeFiles/plansys2_msgs__rosidl_typesupport_fastrtps_c.dir/rosidl_typesupport_fastrtps_c/plansys2_msgs/msg/detail/plan_item__type_support_c.cpp.o[0m
[14.300s] [ 79%] [32mBuilding CXX object CMakeFiles/plansys2_msgs__rosidl_typesupport_fastrtps_c.dir/rosidl_typesupport_fastrtps_c/plansys2_msgs/msg/detail/tree__type_support_c.cpp.o[0m
[14.300s] [ 79%] [32mBuilding CXX object CMakeFiles/plansys2_msgs__rosidl_typesupport_fastrtps_c.dir/rosidl_typesupport_fastrtps_c/plansys2_msgs/msg/detail/node__type_support_c.cpp.o[0m
[14.673s] [ 79%] [32mBuilding CXX object CMakeFiles/plansys2_msgs__rosidl_typesupport_fastrtps_c.dir/rosidl_typesupport_fastrtps_c/plansys2_msgs/srv/detail/add_problem_goal__type_support_c.cpp.o[0m
[14.688s] [ 80%] [32mBuilding CXX object CMakeFiles/plansys2_msgs__rosidl_typesupport_fastrtps_c.dir/rosidl_typesupport_fastrtps_c/plansys2_msgs/srv/detail/affect_node__type_support_c.cpp.o[0m
[14.694s] [ 80%] [32mBuilding CXX object CMakeFiles/plansys2_msgs__rosidl_typesupport_fastrtps_c.dir/rosidl_typesupport_fastrtps_c/plansys2_msgs/srv/detail/affect_param__type_support_c.cpp.o[0m
[14.697s] [ 81%] [32mBuilding CXX object CMakeFiles/plansys2_msgs__rosidl_typesupport_fastrtps_c.dir/rosidl_typesupport_fastrtps_c/plansys2_msgs/srv/detail/get_domain__type_support_c.cpp.o[0m
[14.697s] [ 81%] [32mBuilding CXX object CMakeFiles/plansys2_msgs__rosidl_typesupport_fastrtps_c.dir/rosidl_typesupport_fastrtps_c/plansys2_msgs/srv/detail/exist_node__type_support_c.cpp.o[0m
[14.718s] [ 81%] [32mBuilding CXX object CMakeFiles/plansys2_msgs__rosidl_typesupport_fastrtps_c.dir/rosidl_typesupport_fastrtps_c/plansys2_msgs/srv/detail/get_domain_actions__type_support_c.cpp.o[0m
[14.718s] [ 81%] [32mBuilding CXX object CMakeFiles/plansys2_msgs__rosidl_typesupport_fastrtps_c.dir/rosidl_typesupport_fastrtps_c/plansys2_msgs/srv/detail/get_domain_action_details__type_support_c.cpp.o[0m
[14.747s] [ 82%] [32mBuilding CXX object CMakeFiles/plansys2_msgs__rosidl_typesupport_fastrtps_c.dir/rosidl_typesupport_fastrtps_c/plansys2_msgs/srv/detail/get_domain_durative_action_details__type_support_c.cpp.o[0m
[14.767s] [ 82%] [32mBuilding CXX object CMakeFiles/plansys2_msgs__rosidl_typesupport_fastrtps_c.dir/rosidl_typesupport_fastrtps_c/plansys2_msgs/srv/detail/get_domain_types__type_support_c.cpp.o[0m
[14.781s] [ 82%] [32mBuilding CXX object CMakeFiles/plansys2_msgs__rosidl_typesupport_fastrtps_c.dir/rosidl_typesupport_fastrtps_c/plansys2_msgs/srv/detail/get_node_details__type_support_c.cpp.o[0m
[14.785s] [ 83%] [32mBuilding CXX object CMakeFiles/plansys2_msgs__rosidl_typesupport_fastrtps_c.dir/rosidl_typesupport_fastrtps_c/plansys2_msgs/srv/detail/get_plan__type_support_c.cpp.o[0m
[14.790s] [ 83%] [32mBuilding CXX object CMakeFiles/plansys2_msgs__rosidl_typesupport_fastrtps_c.dir/rosidl_typesupport_fastrtps_c/plansys2_msgs/srv/detail/get_ordered_sub_goals__type_support_c.cpp.o[0m
[15.048s] [ 83%] [32mBuilding CXX object CMakeFiles/plansys2_msgs__rosidl_typesupport_fastrtps_c.dir/rosidl_typesupport_fastrtps_c/plansys2_msgs/srv/detail/get_problem__type_support_c.cpp.o[0m
[15.060s] [ 84%] [32mBuilding CXX object CMakeFiles/plansys2_msgs__rosidl_typesupport_fastrtps_c.dir/rosidl_typesupport_fastrtps_c/plansys2_msgs/srv/detail/get_problem_goal__type_support_c.cpp.o[0m
[15.064s] [ 84%] [32mBuilding CXX object CMakeFiles/plansys2_msgs__rosidl_typesupport_fastrtps_c.dir/rosidl_typesupport_fastrtps_c/plansys2_msgs/srv/detail/get_problem_instances__type_support_c.cpp.o[0m
[15.115s] [ 84%] [32mBuilding CXX object CMakeFiles/plansys2_msgs__rosidl_typesupport_fastrtps_c.dir/rosidl_typesupport_fastrtps_c/plansys2_msgs/srv/detail/get_problem_instance_details__type_support_c.cpp.o[0m
[15.137s] [ 85%] [32mBuilding CXX object CMakeFiles/plansys2_msgs__rosidl_typesupport_fastrtps_c.dir/rosidl_typesupport_fastrtps_c/plansys2_msgs/srv/detail/get_states__type_support_c.cpp.o[0m
[15.180s] [ 85%] [32mBuilding CXX object CMakeFiles/plansys2_msgs__rosidl_typesupport_fastrtps_c.dir/rosidl_typesupport_fastrtps_c/plansys2_msgs/srv/detail/is_problem_goal_satisfied__type_support_c.cpp.o[0m
[15.180s] [ 85%] [32mBuilding CXX object CMakeFiles/plansys2_msgs__rosidl_typesupport_fastrtps_c.dir/rosidl_typesupport_fastrtps_c/plansys2_msgs/srv/detail/remove_problem_goal__type_support_c.cpp.o[0m
[15.183s] [ 86%] [32mBuilding CXX object CMakeFiles/plansys2_msgs__rosidl_typesupport_fastrtps_c.dir/rosidl_typesupport_fastrtps_c/plansys2_msgs/srv/detail/clear_problem_knowledge__type_support_c.cpp.o[0m
[15.251s] [ 86%] [32mBuilding CXX object CMakeFiles/plansys2_msgs__rosidl_typesupport_fastrtps_c.dir/rosidl_typesupport_fastrtps_c/plansys2_msgs/action/detail/execute_plan__type_support_c.cpp.o[0m
[15.612s] [ 87%] [32m[1mLinking CXX shared library libplansys2_msgs__rosidl_typesupport_fastrtps_c.so[0m
[15.687s] [ 87%] Built target plansys2_msgs__rosidl_typesupport_fastrtps_c
[15.696s] [35m[1mScanning dependencies of target plansys2_msgs[0m
[15.705s] [ 87%] Built target plansys2_msgs
[15.715s] [35m[1mScanning dependencies of target plansys2_msgs__py[0m
[15.724s] [ 87%] [34m[1mGenerating Python code for ROS interfaces[0m
[17.050s] Traceback (most recent call last):
[17.050s]   File "/opt/ros/foxy/share/rosidl_generator_py/cmake/../../../lib/rosidl_generator_py/rosidl_generator_py", line 40, in <module>
[17.050s]     sys.exit(main())
[17.050s]   File "/opt/ros/foxy/share/rosidl_generator_py/cmake/../../../lib/rosidl_generator_py/rosidl_generator_py", line 36, in main
[17.050s]     return generate_py(args.generator_arguments_file, args.typesupport_impls.split(';'))
[17.050s]   File "/opt/ros/foxy/lib/python3.8/site-packages/rosidl_generator_py/generate_py_impl.py", line 61, in generate_py
[17.053s]     generate_files(generator_arguments_file, mapping)
[17.053s]   File "/opt/ros/foxy/lib/python3.8/site-packages/rosidl_cmake/__init__.py", line 74, in generate_files
[17.054s]     idl_file = parse_idl_file(locator)
[17.054s]   File "/opt/ros/foxy/lib/python3.8/site-packages/rosidl_parser/parser.py", line 64, in parse_idl_file
[17.054s]     content = parse_idl_string(string, png_file=png_file)
[17.054s]   File "/opt/ros/foxy/lib/python3.8/site-packages/rosidl_parser/parser.py", line 72, in parse_idl_string
[17.055s]     tree = get_ast_from_idl_string(idl_string)
[17.055s]   File "/opt/ros/foxy/lib/python3.8/site-packages/rosidl_parser/parser.py", line 89, in get_ast_from_idl_string
[17.055s]     return _parser.parse(idl_string)
[17.055s]   File "/usr/lib/python3/dist-packages/lark/lark.py", line 293, in parse
[17.055s]     return self.parser.parse(text, start=start)
[17.056s]   File "/usr/lib/python3/dist-packages/lark/parser_frontends.py", line 193, in parse
[17.056s]     return self._parse(text, start)
[17.056s]   File "/usr/lib/python3/dist-packages/lark/parser_frontends.py", line 54, in _parse
[17.056s]     return self.parser.parse(input, start, *args)
[17.056s]   File "/usr/lib/python3/dist-packages/lark/parsers/earley.py", line 318, in parse
[17.056s]     return forest_tree_visitor.visit(solutions[0])
[17.056s]   File "/usr/lib/python3/dist-packages/lark/parsers/earley_forest.py", line 281, in visit
[17.057s]     return super(ForestToTreeVisitor, self).visit(root)
[17.057s]   File "/usr/lib/python3/dist-packages/lark/parsers/earley_forest.py", line 218, in visit
[17.057s]     else:                               next_node = vsni(current)
[17.058s]   File "/usr/lib/python3/dist-packages/lark/parsers/earley_forest.py", line 287, in visit_symbol_node_in
[17.058s]     if self.forest_sum_visitor and node.is_ambiguous and isinf(node.priority):
[17.058s]   File "/usr/lib/python3/dist-packages/lark/parsers/earley_forest.py", line 69, in is_ambiguous
[17.058s]     return len(self.children) > 1
[17.058s]   File "/usr/lib/python3/dist-packages/lark/parsers/earley_forest.py", line 74, in children
[17.058s]     return sorted(self._children, key=attrgetter('sort_key'))
[17.058s]   File "/usr/lib/python3/dist-packages/lark/parsers/earley_forest.py", line 125, in sort_key
[17.058s]     return self.is_empty, -self.priority, self.rule.order
[17.058s] KeyboardInterrupt
[17.085s] make[2]: *** [plansys2_msgs__py/CMakeFiles/plansys2_msgs__py.dir/build.make:214: rosidl_generator_py/plansys2_msgs/_plansys2_msgs_s.ep.rosidl_typesupport_fastrtps_c.c] Interrupt
[17.085s] make[1]: *** [CMakeFiles/Makefile2:553: plansys2_msgs__py/CMakeFiles/plansys2_msgs__py.dir/all] Interrupt
[17.085s] make: *** [Makefile:141: all] Interrupt
[17.086s] Invoked command in '/root/experimental_robotics/src/build/plansys2_msgs' returned '-2': CMAKE_PREFIX_PATH=${CMAKE_PREFIX_PATH}:/root/experimental_robotics/install/ros2_aruco:/root/experimental_robotics/install/assignment_1:/root/experimental_robotics/install/Assignment_1:/opt/ros/foxy /usr/bin/cmake --build /root/experimental_robotics/src/build/plansys2_msgs -- -j12 -l12
