-- The C compiler identification is GNU 9.4.0
-- The CXX compiler identification is GNU 9.4.0
-- Check for working C compiler: /usr/bin/cc
-- Check for working C compiler: /usr/bin/cc -- works
-- Detecting C compiler ABI info
-- Detecting C compiler ABI info - done
-- Detecting C compile features
-- Detecting C compile features - done
-- Check for working CXX compiler: /usr/bin/c++
-- Check for working CXX compiler: /usr/bin/c++ -- works
-- Detecting CXX compiler ABI info
-- Detecting CXX compiler ABI info - done
-- Detecting CXX compile features
-- Detecting CXX compile features - done
-- Found ament_cmake: 0.9.12 (/opt/ros/foxy/share/ament_cmake/cmake)
-- Found PythonInterp: /usr/bin/python3 (found suitable version "3.8.10", minimum required is "3") 
-- Using PYTHON_EXECUTABLE: /usr/bin/python3
-- Override CMake install command with custom implementation using symlinks instead of copying resources
-- Found ament_lint_auto: 0.9.8 (/opt/ros/foxy/share/ament_lint_auto/cmake)
-- Added test 'copyright' to check source files copyright and LICENSE
-- Added test 'flake8' to check Python code syntax and style conventions
-- Added test 'lint_cmake' to check CMake code style
-- Added test 'pep257' to check Python code against some of the style conventions in PEP 257
-- Added test 'xmllint' to check XML markup files
-- Configuring done
-- Generating done
-- Build files have been written to: /root/experimental_robotics/src/build/robot_urdf
-- Install configuration: ""
-- Execute custom install script
-- Symlinking: /root/experimental_robotics/src/install/robot_urdf/share/robot_urdf//launch/__pycache__/gazebo.launch.cpython-38.pyc
-- Symlinking: /root/experimental_robotics/src/install/robot_urdf/share/robot_urdf//launch/__pycache__/gazebo_arm.launch.cpython-38.pyc
-- Symlinking: /root/experimental_robotics/src/install/robot_urdf/share/robot_urdf//launch/gazebo.launch.py
-- Symlinking: /root/experimental_robotics/src/install/robot_urdf/share/robot_urdf//launch/gazebo_arm.launch.py
-- Symlinking: /root/experimental_robotics/src/install/robot_urdf/share/robot_urdf//launch/gazebo_aruco.launch.py
-- Symlinking: /root/experimental_robotics/src/install/robot_urdf/share/robot_urdf//launch/gazebo_moving_robot.launch.py
-- Symlinking: /root/experimental_robotics/src/install/robot_urdf/share/robot_urdf//urdf/m2wr_arm2.gazebo
-- Symlinking: /root/experimental_robotics/src/install/robot_urdf/share/robot_urdf//urdf/m2wr_arm2.xacro
-- Symlinking: /root/experimental_robotics/src/install/robot_urdf/share/robot_urdf//urdf/materials.xacro
-- Symlinking: /root/experimental_robotics/src/install/robot_urdf/share/robot_urdf//urdf/robot4.gazebo
-- Symlinking: /root/experimental_robotics/src/install/robot_urdf/share/robot_urdf//urdf/robot4.xacro
-- Symlinking: /root/experimental_robotics/src/install/robot_urdf/share/robot_urdf//config/config.yaml
-- Symlinking: /root/experimental_robotics/src/install/robot_urdf/share/robot_urdf//config/config_motors.yaml
-- Symlinking: /root/experimental_robotics/src/install/robot_urdf/share/robot_urdf//config/log/COLCON_IGNORE
-- Symlinking: /root/experimental_robotics/src/install/robot_urdf/share/robot_urdf//config/log/build_2024-10-25_13-57-43/events.log
-- Symlinking: /root/experimental_robotics/src/install/robot_urdf/share/robot_urdf//config/log/build_2024-10-25_13-57-43/logger_all.log
-- Symlinking: /root/experimental_robotics/src/install/robot_urdf/share/robot_urdf//config/log/latest/events.log
-- Symlinking: /root/experimental_robotics/src/install/robot_urdf/share/robot_urdf//config/log/latest/logger_all.log
-- Symlinking: /root/experimental_robotics/src/install/robot_urdf/share/robot_urdf//config/log/latest_build/events.log
-- Symlinking: /root/experimental_robotics/src/install/robot_urdf/share/robot_urdf//config/log/latest_build/logger_all.log
-- Symlinking: /root/experimental_robotics/src/install/robot_urdf/share/robot_urdf//config/rviz.rviz
-- Symlinking: /root/experimental_robotics/src/install/robot_urdf/share/robot_urdf//worlds/aruco_test.world
-- Symlinking: /root/experimental_robotics/src/install/robot_urdf/share/robot_urdf//worlds/newWorld.world/model.config
-- Symlinking: /root/experimental_robotics/src/install/robot_urdf/share/robot_urdf//worlds/newWorld.world/model.sdf
-- Symlinking: /root/experimental_robotics/src/install/robot_urdf/share/robot_urdf//worlds/newWorld_5.world
-- Symlinking: /root/experimental_robotics/src/install/robot_urdf/share/robot_urdf//worlds/new_world/model.config
-- Symlinking: /root/experimental_robotics/src/install/robot_urdf/share/robot_urdf//worlds/new_world/model.sdf
-- Symlinking: /root/experimental_robotics/src/install/robot_urdf/share/robot_urdf//worlds/world5Box.world
-- Symlinking: /root/experimental_robotics/src/install/robot_urdf/share/robot_urdf//worlds/world5Boxes.world/model.config
-- Symlinking: /root/experimental_robotics/src/install/robot_urdf/share/robot_urdf//worlds/world5Boxes.world/model.sdf
-- Symlinking: /root/experimental_robotics/src/install/robot_urdf/share/ament_index/resource_index/package_run_dependencies/robot_urdf
-- Symlinking: /root/experimental_robotics/src/install/robot_urdf/share/ament_index/resource_index/parent_prefix_path/robot_urdf
-- Symlinking: /root/experimental_robotics/src/install/robot_urdf/share/robot_urdf/environment/ament_prefix_path.sh
-- Symlinking: /root/experimental_robotics/src/install/robot_urdf/share/robot_urdf/environment/ament_prefix_path.dsv
-- Symlinking: /root/experimental_robotics/src/install/robot_urdf/share/robot_urdf/environment/path.sh
-- Symlinking: /root/experimental_robotics/src/install/robot_urdf/share/robot_urdf/environment/path.dsv
-- Symlinking: /root/experimental_robotics/src/install/robot_urdf/share/robot_urdf/local_setup.bash
-- Symlinking: /root/experimental_robotics/src/install/robot_urdf/share/robot_urdf/local_setup.sh
-- Symlinking: /root/experimental_robotics/src/install/robot_urdf/share/robot_urdf/local_setup.zsh
-- Symlinking: /root/experimental_robotics/src/install/robot_urdf/share/robot_urdf/local_setup.dsv
-- Symlinking: /root/experimental_robotics/src/install/robot_urdf/share/robot_urdf/package.dsv
-- Symlinking: /root/experimental_robotics/src/install/robot_urdf/share/ament_index/resource_index/packages/robot_urdf
-- Symlinking: /root/experimental_robotics/src/install/robot_urdf/share/robot_urdf/cmake/robot_urdfConfig.cmake
-- Symlinking: /root/experimental_robotics/src/install/robot_urdf/share/robot_urdf/cmake/robot_urdfConfig-version.cmake
-- Symlinking: /root/experimental_robotics/src/install/robot_urdf/share/robot_urdf/package.xml
